
         /\      Grafana   /‾‾/  
    /\  /  \     |\  __   /  /   
   /  \/    \    | |/ /  /   ‾‾\ 
  /          \   |   (  |  (‾)  |
 / __________ \  |_|\_\  \_____/ 


     execution: local
        script: k6/scenarios/07-hot-room-fixed.js
        output: -

     scenarios: (100.00%) 1 scenario, 300 max VUs, 4m0s max duration (incl. graceful stop):
              * hot_room_fixed: 1 iterations for each of 300 VUs (maxDuration: 3m30s, gracefulStop: 30s)


running (0m01.0s), 300/300 VUs, 0 complete and 0 interrupted iterations
hot_room_fixed   [   0% ] 300 VUs  0m00.9s/3m30s  000/300 iters, 1 per VU

running (0m02.0s), 300/300 VUs, 0 complete and 0 interrupted iterations
hot_room_fixed   [   0% ] 300 VUs  0m01.9s/3m30s  000/300 iters, 1 per VU

running (0m03.0s), 300/300 VUs, 0 complete and 0 interrupted iterations
hot_room_fixed   [   0% ] 300 VUs  0m02.9s/3m30s  000/300 iters, 1 per VU

running (0m04.0s), 300/300 VUs, 0 complete and 0 interrupted iterations
hot_room_fixed   [   0% ] 300 VUs  0m03.9s/3m30s  000/300 iters, 1 per VU

running (0m05.0s), 300/300 VUs, 0 complete and 0 interrupted iterations
hot_room_fixed   [   0% ] 300 VUs  0m04.9s/3m30s  000/300 iters, 1 per VU

running (0m06.0s), 300/300 VUs, 0 complete and 0 interrupted iterations
hot_room_fixed   [   0% ] 300 VUs  0m05.9s/3m30s  000/300 iters, 1 per VU

running (0m07.0s), 300/300 VUs, 0 complete and 0 interrupted iterations
hot_room_fixed   [   0% ] 300 VUs  0m06.9s/3m30s  000/300 iters, 1 per VU

running (0m08.0s), 300/300 VUs, 0 complete and 0 interrupted iterations
hot_room_fixed   [   0% ] 300 VUs  0m07.9s/3m30s  000/300 iters, 1 per VU

running (0m09.0s), 300/300 VUs, 0 complete and 0 interrupted iterations
hot_room_fixed   [   0% ] 300 VUs  0m08.9s/3m30s  000/300 iters, 1 per VU

running (0m10.0s), 300/300 VUs, 0 complete and 0 interrupted iterations
hot_room_fixed   [   0% ] 300 VUs  0m09.9s/3m30s  000/300 iters, 1 per VU

running (0m11.0s), 300/300 VUs, 0 complete and 0 interrupted iterations
hot_room_fixed   [   0% ] 300 VUs  0m10.9s/3m30s  000/300 iters, 1 per VU

running (0m12.0s), 300/300 VUs, 0 complete and 0 interrupted iterations
hot_room_fixed   [   0% ] 300 VUs  0m11.9s/3m30s  000/300 iters, 1 per VU

running (0m13.0s), 300/300 VUs, 0 complete and 0 interrupted iterations
hot_room_fixed   [   0% ] 300 VUs  0m12.9s/3m30s  000/300 iters, 1 per VU

running (0m14.0s), 300/300 VUs, 0 complete and 0 interrupted iterations
hot_room_fixed   [   0% ] 300 VUs  0m13.9s/3m30s  000/300 iters, 1 per VU

running (0m15.0s), 300/300 VUs, 0 complete and 0 interrupted iterations
hot_room_fixed   [   0% ] 300 VUs  0m14.9s/3m30s  000/300 iters, 1 per VU

running (0m16.0s), 300/300 VUs, 0 complete and 0 interrupted iterations
hot_room_fixed   [   0% ] 300 VUs  0m15.9s/3m30s  000/300 iters, 1 per VU

running (0m17.0s), 300/300 VUs, 0 complete and 0 interrupted iterations
hot_room_fixed   [   0% ] 300 VUs  0m16.9s/3m30s  000/300 iters, 1 per VU

running (0m18.0s), 300/300 VUs, 0 complete and 0 interrupted iterations
hot_room_fixed   [   0% ] 300 VUs  0m17.9s/3m30s  000/300 iters, 1 per VU

running (0m19.0s), 300/300 VUs, 0 complete and 0 interrupted iterations
hot_room_fixed   [   0% ] 300 VUs  0m18.9s/3m30s  000/300 iters, 1 per VU

running (0m20.0s), 300/300 VUs, 0 complete and 0 interrupted iterations
hot_room_fixed   [   0% ] 300 VUs  0m19.9s/3m30s  000/300 iters, 1 per VU

running (0m21.0s), 300/300 VUs, 0 complete and 0 interrupted iterations
hot_room_fixed   [   0% ] 300 VUs  0m20.9s/3m30s  000/300 iters, 1 per VU

running (0m22.0s), 300/300 VUs, 0 complete and 0 interrupted iterations
hot_room_fixed   [   0% ] 300 VUs  0m21.9s/3m30s  000/300 iters, 1 per VU

running (0m23.0s), 300/300 VUs, 0 complete and 0 interrupted iterations
hot_room_fixed   [   0% ] 300 VUs  0m22.9s/3m30s  000/300 iters, 1 per VU

running (0m24.0s), 300/300 VUs, 0 complete and 0 interrupted iterations
hot_room_fixed   [   0% ] 300 VUs  0m23.9s/3m30s  000/300 iters, 1 per VU

running (0m25.0s), 300/300 VUs, 0 complete and 0 interrupted iterations
hot_room_fixed   [   0% ] 300 VUs  0m24.9s/3m30s  000/300 iters, 1 per VU

running (0m26.0s), 300/300 VUs, 0 complete and 0 interrupted iterations
hot_room_fixed   [   0% ] 300 VUs  0m25.9s/3m30s  000/300 iters, 1 per VU

running (0m27.0s), 300/300 VUs, 0 complete and 0 interrupted iterations
hot_room_fixed   [   0% ] 300 VUs  0m26.9s/3m30s  000/300 iters, 1 per VU

running (0m28.0s), 300/300 VUs, 0 complete and 0 interrupted iterations
hot_room_fixed   [   0% ] 300 VUs  0m27.9s/3m30s  000/300 iters, 1 per VU

running (0m29.0s), 300/300 VUs, 0 complete and 0 interrupted iterations
hot_room_fixed   [   0% ] 300 VUs  0m28.9s/3m30s  000/300 iters, 1 per VU

running (0m30.0s), 300/300 VUs, 0 complete and 0 interrupted iterations
hot_room_fixed   [   0% ] 300 VUs  0m29.9s/3m30s  000/300 iters, 1 per VU

running (0m31.0s), 300/300 VUs, 0 complete and 0 interrupted iterations
hot_room_fixed   [   0% ] 300 VUs  0m30.9s/3m30s  000/300 iters, 1 per VU

running (0m32.0s), 300/300 VUs, 0 complete and 0 interrupted iterations
hot_room_fixed   [   0% ] 300 VUs  0m31.9s/3m30s  000/300 iters, 1 per VU

running (0m33.0s), 300/300 VUs, 0 complete and 0 interrupted iterations
hot_room_fixed   [   0% ] 300 VUs  0m32.9s/3m30s  000/300 iters, 1 per VU

running (0m34.0s), 300/300 VUs, 0 complete and 0 interrupted iterations
hot_room_fixed   [   0% ] 300 VUs  0m33.9s/3m30s  000/300 iters, 1 per VU

running (0m35.0s), 300/300 VUs, 0 complete and 0 interrupted iterations
hot_room_fixed   [   0% ] 300 VUs  0m34.9s/3m30s  000/300 iters, 1 per VU

running (0m36.0s), 300/300 VUs, 0 complete and 0 interrupted iterations
hot_room_fixed   [   0% ] 300 VUs  0m35.9s/3m30s  000/300 iters, 1 per VU

running (0m37.0s), 300/300 VUs, 0 complete and 0 interrupted iterations
hot_room_fixed   [   0% ] 300 VUs  0m36.9s/3m30s  000/300 iters, 1 per VU

running (0m38.0s), 300/300 VUs, 0 complete and 0 interrupted iterations
hot_room_fixed   [   0% ] 300 VUs  0m37.9s/3m30s  000/300 iters, 1 per VU

running (0m39.0s), 300/300 VUs, 0 complete and 0 interrupted iterations
hot_room_fixed   [   0% ] 300 VUs  0m38.9s/3m30s  000/300 iters, 1 per VU

running (0m40.0s), 300/300 VUs, 0 complete and 0 interrupted iterations
hot_room_fixed   [   0% ] 300 VUs  0m39.9s/3m30s  000/300 iters, 1 per VU

running (0m41.0s), 300/300 VUs, 0 complete and 0 interrupted iterations
hot_room_fixed   [   0% ] 300 VUs  0m40.9s/3m30s  000/300 iters, 1 per VU

running (0m42.0s), 300/300 VUs, 0 complete and 0 interrupted iterations
hot_room_fixed   [   0% ] 300 VUs  0m41.9s/3m30s  000/300 iters, 1 per VU

running (0m43.0s), 300/300 VUs, 0 complete and 0 interrupted iterations
hot_room_fixed   [   0% ] 300 VUs  0m42.9s/3m30s  000/300 iters, 1 per VU

running (0m44.0s), 300/300 VUs, 0 complete and 0 interrupted iterations
hot_room_fixed   [   0% ] 300 VUs  0m43.9s/3m30s  000/300 iters, 1 per VU

running (0m45.0s), 300/300 VUs, 0 complete and 0 interrupted iterations
hot_room_fixed   [   0% ] 300 VUs  0m44.9s/3m30s  000/300 iters, 1 per VU

running (0m46.0s), 300/300 VUs, 0 complete and 0 interrupted iterations
hot_room_fixed   [   0% ] 300 VUs  0m45.9s/3m30s  000/300 iters, 1 per VU

running (0m47.0s), 300/300 VUs, 0 complete and 0 interrupted iterations
hot_room_fixed   [   0% ] 300 VUs  0m46.9s/3m30s  000/300 iters, 1 per VU

running (0m48.0s), 300/300 VUs, 0 complete and 0 interrupted iterations
hot_room_fixed   [   0% ] 300 VUs  0m47.9s/3m30s  000/300 iters, 1 per VU

running (0m49.0s), 300/300 VUs, 0 complete and 0 interrupted iterations
hot_room_fixed   [   0% ] 300 VUs  0m48.9s/3m30s  000/300 iters, 1 per VU

running (0m50.0s), 300/300 VUs, 0 complete and 0 interrupted iterations
hot_room_fixed   [   0% ] 300 VUs  0m49.9s/3m30s  000/300 iters, 1 per VU

running (0m51.0s), 300/300 VUs, 0 complete and 0 interrupted iterations
hot_room_fixed   [   0% ] 300 VUs  0m50.9s/3m30s  000/300 iters, 1 per VU

running (0m52.0s), 300/300 VUs, 0 complete and 0 interrupted iterations
hot_room_fixed   [   0% ] 300 VUs  0m51.9s/3m30s  000/300 iters, 1 per VU

running (0m53.0s), 300/300 VUs, 0 complete and 0 interrupted iterations
hot_room_fixed   [   0% ] 300 VUs  0m52.9s/3m30s  000/300 iters, 1 per VU

running (0m54.0s), 300/300 VUs, 0 complete and 0 interrupted iterations
hot_room_fixed   [   0% ] 300 VUs  0m53.9s/3m30s  000/300 iters, 1 per VU

running (0m55.0s), 300/300 VUs, 0 complete and 0 interrupted iterations
hot_room_fixed   [   0% ] 300 VUs  0m54.9s/3m30s  000/300 iters, 1 per VU

running (0m56.0s), 300/300 VUs, 0 complete and 0 interrupted iterations
hot_room_fixed   [   0% ] 300 VUs  0m55.9s/3m30s  000/300 iters, 1 per VU

running (0m57.0s), 300/300 VUs, 0 complete and 0 interrupted iterations
hot_room_fixed   [   0% ] 300 VUs  0m56.9s/3m30s  000/300 iters, 1 per VU

running (0m58.0s), 300/300 VUs, 0 complete and 0 interrupted iterations
hot_room_fixed   [   0% ] 300 VUs  0m57.9s/3m30s  000/300 iters, 1 per VU

running (0m59.0s), 300/300 VUs, 0 complete and 0 interrupted iterations
hot_room_fixed   [   0% ] 300 VUs  0m58.9s/3m30s  000/300 iters, 1 per VU

running (1m00.0s), 300/300 VUs, 0 complete and 0 interrupted iterations
hot_room_fixed   [   0% ] 300 VUs  0m59.9s/3m30s  000/300 iters, 1 per VU

running (1m01.0s), 300/300 VUs, 0 complete and 0 interrupted iterations
hot_room_fixed   [   0% ] 300 VUs  1m01.0s/3m30s  000/300 iters, 1 per VU

running (1m02.0s), 300/300 VUs, 0 complete and 0 interrupted iterations
hot_room_fixed   [   0% ] 300 VUs  1m01.9s/3m30s  000/300 iters, 1 per VU

running (1m03.0s), 300/300 VUs, 0 complete and 0 interrupted iterations
hot_room_fixed   [   0% ] 300 VUs  1m02.9s/3m30s  000/300 iters, 1 per VU

running (1m04.0s), 300/300 VUs, 0 complete and 0 interrupted iterations
hot_room_fixed   [   0% ] 300 VUs  1m03.9s/3m30s  000/300 iters, 1 per VU

running (1m05.0s), 300/300 VUs, 0 complete and 0 interrupted iterations
hot_room_fixed   [   0% ] 300 VUs  1m04.9s/3m30s  000/300 iters, 1 per VU

running (1m06.0s), 300/300 VUs, 0 complete and 0 interrupted iterations
hot_room_fixed   [   0% ] 300 VUs  1m05.9s/3m30s  000/300 iters, 1 per VU

running (1m07.0s), 300/300 VUs, 0 complete and 0 interrupted iterations
hot_room_fixed   [   0% ] 300 VUs  1m06.9s/3m30s  000/300 iters, 1 per VU

running (1m08.0s), 300/300 VUs, 0 complete and 0 interrupted iterations
hot_room_fixed   [   0% ] 300 VUs  1m07.9s/3m30s  000/300 iters, 1 per VU

running (1m09.0s), 300/300 VUs, 0 complete and 0 interrupted iterations
hot_room_fixed   [   0% ] 300 VUs  1m08.9s/3m30s  000/300 iters, 1 per VU

running (1m10.0s), 300/300 VUs, 0 complete and 0 interrupted iterations
hot_room_fixed   [   0% ] 300 VUs  1m09.9s/3m30s  000/300 iters, 1 per VU

running (1m11.0s), 300/300 VUs, 0 complete and 0 interrupted iterations
hot_room_fixed   [   0% ] 300 VUs  1m10.9s/3m30s  000/300 iters, 1 per VU

running (1m12.0s), 300/300 VUs, 0 complete and 0 interrupted iterations
hot_room_fixed   [   0% ] 300 VUs  1m11.9s/3m30s  000/300 iters, 1 per VU

running (1m13.0s), 300/300 VUs, 0 complete and 0 interrupted iterations
hot_room_fixed   [   0% ] 300 VUs  1m12.9s/3m30s  000/300 iters, 1 per VU

running (1m14.0s), 300/300 VUs, 0 complete and 0 interrupted iterations
hot_room_fixed   [   0% ] 300 VUs  1m13.9s/3m30s  000/300 iters, 1 per VU

running (1m15.0s), 300/300 VUs, 0 complete and 0 interrupted iterations
hot_room_fixed   [   0% ] 300 VUs  1m14.9s/3m30s  000/300 iters, 1 per VU

running (1m16.0s), 300/300 VUs, 0 complete and 0 interrupted iterations
hot_room_fixed   [   0% ] 300 VUs  1m15.9s/3m30s  000/300 iters, 1 per VU

running (1m17.0s), 300/300 VUs, 0 complete and 0 interrupted iterations
hot_room_fixed   [   0% ] 300 VUs  1m16.9s/3m30s  000/300 iters, 1 per VU

running (1m18.0s), 300/300 VUs, 0 complete and 0 interrupted iterations
hot_room_fixed   [   0% ] 300 VUs  1m17.9s/3m30s  000/300 iters, 1 per VU

running (1m19.0s), 300/300 VUs, 0 complete and 0 interrupted iterations
hot_room_fixed   [   0% ] 300 VUs  1m18.9s/3m30s  000/300 iters, 1 per VU

running (1m20.0s), 300/300 VUs, 0 complete and 0 interrupted iterations
hot_room_fixed   [   0% ] 300 VUs  1m19.9s/3m30s  000/300 iters, 1 per VU

running (1m21.0s), 300/300 VUs, 0 complete and 0 interrupted iterations
hot_room_fixed   [   0% ] 300 VUs  1m20.9s/3m30s  000/300 iters, 1 per VU

running (1m22.0s), 300/300 VUs, 0 complete and 0 interrupted iterations
hot_room_fixed   [   0% ] 300 VUs  1m21.9s/3m30s  000/300 iters, 1 per VU

running (1m23.0s), 300/300 VUs, 0 complete and 0 interrupted iterations
hot_room_fixed   [   0% ] 300 VUs  1m22.9s/3m30s  000/300 iters, 1 per VU

running (1m24.0s), 300/300 VUs, 0 complete and 0 interrupted iterations
hot_room_fixed   [   0% ] 300 VUs  1m23.9s/3m30s  000/300 iters, 1 per VU

running (1m25.0s), 300/300 VUs, 0 complete and 0 interrupted iterations
hot_room_fixed   [   0% ] 300 VUs  1m24.9s/3m30s  000/300 iters, 1 per VU

running (1m26.0s), 300/300 VUs, 0 complete and 0 interrupted iterations
hot_room_fixed   [   0% ] 300 VUs  1m25.9s/3m30s  000/300 iters, 1 per VU

running (1m27.0s), 300/300 VUs, 0 complete and 0 interrupted iterations
hot_room_fixed   [   0% ] 300 VUs  1m26.9s/3m30s  000/300 iters, 1 per VU

running (1m28.0s), 300/300 VUs, 0 complete and 0 interrupted iterations
hot_room_fixed   [   0% ] 300 VUs  1m27.9s/3m30s  000/300 iters, 1 per VU

running (1m29.0s), 300/300 VUs, 0 complete and 0 interrupted iterations
hot_room_fixed   [   0% ] 300 VUs  1m28.9s/3m30s  000/300 iters, 1 per VU

running (1m30.0s), 300/300 VUs, 0 complete and 0 interrupted iterations
hot_room_fixed   [   0% ] 300 VUs  1m29.9s/3m30s  000/300 iters, 1 per VU

running (1m31.0s), 300/300 VUs, 0 complete and 0 interrupted iterations
hot_room_fixed   [   0% ] 300 VUs  1m30.9s/3m30s  000/300 iters, 1 per VU

running (1m32.0s), 300/300 VUs, 0 complete and 0 interrupted iterations
hot_room_fixed   [   0% ] 300 VUs  1m31.9s/3m30s  000/300 iters, 1 per VU

running (1m33.0s), 300/300 VUs, 0 complete and 0 interrupted iterations
hot_room_fixed   [   0% ] 300 VUs  1m32.9s/3m30s  000/300 iters, 1 per VU

running (1m34.0s), 300/300 VUs, 0 complete and 0 interrupted iterations
hot_room_fixed   [   0% ] 300 VUs  1m33.9s/3m30s  000/300 iters, 1 per VU

running (1m35.0s), 300/300 VUs, 0 complete and 0 interrupted iterations
hot_room_fixed   [   0% ] 300 VUs  1m34.9s/3m30s  000/300 iters, 1 per VU

running (1m36.0s), 300/300 VUs, 0 complete and 0 interrupted iterations
hot_room_fixed   [   0% ] 300 VUs  1m35.9s/3m30s  000/300 iters, 1 per VU

running (1m37.0s), 300/300 VUs, 0 complete and 0 interrupted iterations
hot_room_fixed   [   0% ] 300 VUs  1m36.9s/3m30s  000/300 iters, 1 per VU

running (1m38.0s), 300/300 VUs, 0 complete and 0 interrupted iterations
hot_room_fixed   [   0% ] 300 VUs  1m37.9s/3m30s  000/300 iters, 1 per VU

running (1m39.0s), 300/300 VUs, 0 complete and 0 interrupted iterations
hot_room_fixed   [   0% ] 300 VUs  1m38.9s/3m30s  000/300 iters, 1 per VU

running (1m40.0s), 300/300 VUs, 0 complete and 0 interrupted iterations
hot_room_fixed   [   0% ] 300 VUs  1m39.9s/3m30s  000/300 iters, 1 per VU

running (1m41.0s), 300/300 VUs, 0 complete and 0 interrupted iterations
hot_room_fixed   [   0% ] 300 VUs  1m40.9s/3m30s  000/300 iters, 1 per VU

running (1m42.0s), 300/300 VUs, 0 complete and 0 interrupted iterations
hot_room_fixed   [   0% ] 300 VUs  1m41.9s/3m30s  000/300 iters, 1 per VU

running (1m43.0s), 300/300 VUs, 0 complete and 0 interrupted iterations
hot_room_fixed   [   0% ] 300 VUs  1m42.9s/3m30s  000/300 iters, 1 per VU

running (1m44.0s), 300/300 VUs, 0 complete and 0 interrupted iterations
hot_room_fixed   [   0% ] 300 VUs  1m43.9s/3m30s  000/300 iters, 1 per VU

running (1m45.0s), 300/300 VUs, 0 complete and 0 interrupted iterations
hot_room_fixed   [   0% ] 300 VUs  1m44.9s/3m30s  000/300 iters, 1 per VU

running (1m46.0s), 300/300 VUs, 0 complete and 0 interrupted iterations
hot_room_fixed   [   0% ] 300 VUs  1m45.9s/3m30s  000/300 iters, 1 per VU

running (1m47.0s), 300/300 VUs, 0 complete and 0 interrupted iterations
hot_room_fixed   [   0% ] 300 VUs  1m46.9s/3m30s  000/300 iters, 1 per VU

running (1m48.0s), 300/300 VUs, 0 complete and 0 interrupted iterations
hot_room_fixed   [   0% ] 300 VUs  1m47.9s/3m30s  000/300 iters, 1 per VU

running (1m49.0s), 300/300 VUs, 0 complete and 0 interrupted iterations
hot_room_fixed   [   0% ] 300 VUs  1m48.9s/3m30s  000/300 iters, 1 per VU

running (1m50.0s), 300/300 VUs, 0 complete and 0 interrupted iterations
hot_room_fixed   [   0% ] 300 VUs  1m49.9s/3m30s  000/300 iters, 1 per VU

running (1m51.0s), 300/300 VUs, 0 complete and 0 interrupted iterations
hot_room_fixed   [   0% ] 300 VUs  1m50.9s/3m30s  000/300 iters, 1 per VU

running (1m52.0s), 300/300 VUs, 0 complete and 0 interrupted iterations
hot_room_fixed   [   0% ] 300 VUs  1m51.9s/3m30s  000/300 iters, 1 per VU

running (1m53.0s), 300/300 VUs, 0 complete and 0 interrupted iterations
hot_room_fixed   [   0% ] 300 VUs  1m53.0s/3m30s  000/300 iters, 1 per VU

running (1m54.0s), 300/300 VUs, 0 complete and 0 interrupted iterations
hot_room_fixed   [   0% ] 300 VUs  1m53.9s/3m30s  000/300 iters, 1 per VU

running (1m55.0s), 300/300 VUs, 0 complete and 0 interrupted iterations
hot_room_fixed   [   0% ] 300 VUs  1m54.9s/3m30s  000/300 iters, 1 per VU

running (1m56.0s), 300/300 VUs, 0 complete and 0 interrupted iterations
hot_room_fixed   [   0% ] 300 VUs  1m55.9s/3m30s  000/300 iters, 1 per VU

running (1m57.0s), 300/300 VUs, 0 complete and 0 interrupted iterations
hot_room_fixed   [   0% ] 300 VUs  1m56.9s/3m30s  000/300 iters, 1 per VU

running (1m58.0s), 300/300 VUs, 0 complete and 0 interrupted iterations
hot_room_fixed   [   0% ] 300 VUs  1m57.9s/3m30s  000/300 iters, 1 per VU

running (1m59.0s), 300/300 VUs, 0 complete and 0 interrupted iterations
hot_room_fixed   [   0% ] 300 VUs  1m58.9s/3m30s  000/300 iters, 1 per VU

running (2m00.0s), 300/300 VUs, 0 complete and 0 interrupted iterations
hot_room_fixed   [   0% ] 300 VUs  1m59.9s/3m30s  000/300 iters, 1 per VU

running (2m01.0s), 275/300 VUs, 25 complete and 0 interrupted iterations
hot_room_fixed   [   8% ] 300 VUs  2m00.9s/3m30s  025/300 iters, 1 per VU

running (2m02.0s), 042/300 VUs, 258 complete and 0 interrupted iterations
hot_room_fixed   [  86% ] 300 VUs  2m01.9s/3m30s  258/300 iters, 1 per VU


  █ THRESHOLDS 

    http_error_rate
    ✓ 'rate<0.01' rate=0.00%

    ws_connect_duration_ms
    ✓ 'p(95)<5000' p(95)=600.1ms
    ✓ 'p(99)<10000' p(99)=708.84ms

    ws_connect_success_rate
    ✓ 'rate>0.99' rate=100.00%

    ws_message_roundtrip_ms
    ✓ 'p(50)<5000' p(50)=4.59s
    ✓ 'p(95)<60000' p(95)=18.62s
    ✓ 'p(99)<120000' p(99)=23.42s


  █ TOTAL RESULTS 

    checks_total.......: 1204    9.852946/s
    checks_succeeded...: 100.00% 1204 out of 1204
    checks_failed......: 0.00%   0 out of 1204

    ✓ login status 200
    ✓ login has token
    ✓ createHotRoom status 2xx
    ✓ createHotRoom has id
    ✓ enterRoom ok
    ✓ ws connected

    CUSTOM
    hot_room_broadcast_received_total...: 8874691 72626.124689/s
    hot_room_own_echo_received_total....: 29594   242.182802/s
    hot_room_unique_received_total......: 8874691 72626.124689/s
    http_error_rate.....................: 0.00%   0 out of 602
    rest_create_room_duration_ms........: avg=14.43ms  min=14.43ms  med=14.43ms  max=14.43ms  p(90)=14.43ms  p(95)=14.43ms 
    rest_enter_room_duration_ms.........: avg=802.99ms min=108.45ms med=782.41ms max=1.78s    p(90)=1.39s    p(95)=1.5s    
    rest_login_duration_ms..............: avg=341ms    min=9.45ms   med=320.66ms max=1.64s    p(90)=742.14ms p(95)=894.61ms

    HTTP
    http_req_duration...................: avg=570.68ms min=9.45ms   med=497.39ms max=1.78s    p(90)=1.19s    p(95)=1.39s   
      { expected_response:true }........: avg=570.68ms min=9.45ms   med=497.39ms max=1.78s    p(90)=1.19s    p(95)=1.39s   
    http_req_failed.....................: 0.00%   0 out of 602
    http_reqs...........................: 602     4.926473/s

    EXECUTION
    iteration_duration..................: avg=2m1s     min=2m0s     med=2m1s     max=2m2s     p(90)=2m1s     p(95)=2m2s    
    iterations..........................: 300     2.455053/s
    vus.................................: 42      min=42         max=300
    vus_max.............................: 300     min=300        max=300

    NETWORK
    data_received.......................: 2.5 GB  21 MB/s
    data_sent...........................: 3.9 MB  32 kB/s

    WEBSOCKET
    ws_connect_duration_ms..............: avg=167.01ms min=2ms      med=98ms     max=904ms    p(90)=489ms    p(95)=600.1ms 
    ws_connect_success_rate.............: 100.00% 300 out of 300
    ws_connecting.......................: avg=166.92ms min=2.55ms   med=98.16ms  max=903.52ms p(90)=488.6ms  p(95)=599.7ms 
    ws_message_roundtrip_ms.............: avg=6.57s    min=107ms    med=4.59s    max=30.77s   p(90)=15.61s   p(95)=18.62s  
    ws_messages_received_total..........: 8874691 72626.124689/s
    ws_messages_sent_total..............: 35804   293.002401/s
    ws_msgs_received....................: 8874691 72626.124689/s
    ws_msgs_sent........................: 35804   293.002401/s
    ws_session_duration.................: avg=2m0s     min=2m0s     med=2m0s     max=2m0s     p(90)=2m0s     p(95)=2m0s    
    ws_sessions.........................: 300     2.455053/s




running (2m02.2s), 000/300 VUs, 300 complete and 0 interrupted iterations
hot_room_fixed ✓ [ 100% ] 300 VUs  2m02.2s/3m30s  300/300 iters, 1 per VU
