
         /\      Grafana   /‾‾/  
    /\  /  \     |\  __   /  /   
   /  \/    \    | |/ /  /   ‾‾\ 
  /          \   |   (  |  (‾)  |
 / __________ \  |_|\_\  \_____/ 


     execution: local
        script: k6/scenarios/07-hot-room-fixed.js
        output: -

     scenarios: (100.00%) 1 scenario, 100 max VUs, 4m0s max duration (incl. graceful stop):
              * hot_room_fixed: 1 iterations for each of 100 VUs (maxDuration: 3m30s, gracefulStop: 30s)


running (0m01.0s), 100/100 VUs, 0 complete and 0 interrupted iterations
hot_room_fixed   [   0% ] 100 VUs  0m00.8s/3m30s  000/100 iters, 1 per VU

running (0m02.0s), 100/100 VUs, 0 complete and 0 interrupted iterations
hot_room_fixed   [   0% ] 100 VUs  0m01.8s/3m30s  000/100 iters, 1 per VU

running (0m03.0s), 100/100 VUs, 0 complete and 0 interrupted iterations
hot_room_fixed   [   0% ] 100 VUs  0m02.8s/3m30s  000/100 iters, 1 per VU

running (0m04.0s), 100/100 VUs, 0 complete and 0 interrupted iterations
hot_room_fixed   [   0% ] 100 VUs  0m03.8s/3m30s  000/100 iters, 1 per VU

running (0m05.0s), 100/100 VUs, 0 complete and 0 interrupted iterations
hot_room_fixed   [   0% ] 100 VUs  0m04.8s/3m30s  000/100 iters, 1 per VU

running (0m06.0s), 100/100 VUs, 0 complete and 0 interrupted iterations
hot_room_fixed   [   0% ] 100 VUs  0m05.8s/3m30s  000/100 iters, 1 per VU

running (0m07.0s), 100/100 VUs, 0 complete and 0 interrupted iterations
hot_room_fixed   [   0% ] 100 VUs  0m06.8s/3m30s  000/100 iters, 1 per VU

running (0m08.0s), 100/100 VUs, 0 complete and 0 interrupted iterations
hot_room_fixed   [   0% ] 100 VUs  0m07.8s/3m30s  000/100 iters, 1 per VU

running (0m09.0s), 100/100 VUs, 0 complete and 0 interrupted iterations
hot_room_fixed   [   0% ] 100 VUs  0m08.8s/3m30s  000/100 iters, 1 per VU

running (0m10.0s), 100/100 VUs, 0 complete and 0 interrupted iterations
hot_room_fixed   [   0% ] 100 VUs  0m09.8s/3m30s  000/100 iters, 1 per VU

running (0m11.0s), 100/100 VUs, 0 complete and 0 interrupted iterations
hot_room_fixed   [   0% ] 100 VUs  0m10.8s/3m30s  000/100 iters, 1 per VU

running (0m12.0s), 100/100 VUs, 0 complete and 0 interrupted iterations
hot_room_fixed   [   0% ] 100 VUs  0m11.8s/3m30s  000/100 iters, 1 per VU

running (0m13.0s), 100/100 VUs, 0 complete and 0 interrupted iterations
hot_room_fixed   [   0% ] 100 VUs  0m12.8s/3m30s  000/100 iters, 1 per VU

running (0m14.0s), 100/100 VUs, 0 complete and 0 interrupted iterations
hot_room_fixed   [   0% ] 100 VUs  0m13.8s/3m30s  000/100 iters, 1 per VU

running (0m15.0s), 100/100 VUs, 0 complete and 0 interrupted iterations
hot_room_fixed   [   0% ] 100 VUs  0m14.8s/3m30s  000/100 iters, 1 per VU

running (0m16.0s), 100/100 VUs, 0 complete and 0 interrupted iterations
hot_room_fixed   [   0% ] 100 VUs  0m15.8s/3m30s  000/100 iters, 1 per VU

running (0m17.0s), 100/100 VUs, 0 complete and 0 interrupted iterations
hot_room_fixed   [   0% ] 100 VUs  0m16.8s/3m30s  000/100 iters, 1 per VU

running (0m18.0s), 100/100 VUs, 0 complete and 0 interrupted iterations
hot_room_fixed   [   0% ] 100 VUs  0m17.8s/3m30s  000/100 iters, 1 per VU

running (0m19.0s), 100/100 VUs, 0 complete and 0 interrupted iterations
hot_room_fixed   [   0% ] 100 VUs  0m18.8s/3m30s  000/100 iters, 1 per VU

running (0m20.0s), 100/100 VUs, 0 complete and 0 interrupted iterations
hot_room_fixed   [   0% ] 100 VUs  0m19.8s/3m30s  000/100 iters, 1 per VU

running (0m21.0s), 100/100 VUs, 0 complete and 0 interrupted iterations
hot_room_fixed   [   0% ] 100 VUs  0m20.8s/3m30s  000/100 iters, 1 per VU

running (0m22.0s), 100/100 VUs, 0 complete and 0 interrupted iterations
hot_room_fixed   [   0% ] 100 VUs  0m21.8s/3m30s  000/100 iters, 1 per VU

running (0m23.0s), 100/100 VUs, 0 complete and 0 interrupted iterations
hot_room_fixed   [   0% ] 100 VUs  0m22.8s/3m30s  000/100 iters, 1 per VU

running (0m24.0s), 100/100 VUs, 0 complete and 0 interrupted iterations
hot_room_fixed   [   0% ] 100 VUs  0m23.8s/3m30s  000/100 iters, 1 per VU

running (0m25.0s), 100/100 VUs, 0 complete and 0 interrupted iterations
hot_room_fixed   [   0% ] 100 VUs  0m24.8s/3m30s  000/100 iters, 1 per VU

running (0m26.0s), 100/100 VUs, 0 complete and 0 interrupted iterations
hot_room_fixed   [   0% ] 100 VUs  0m25.8s/3m30s  000/100 iters, 1 per VU

running (0m27.0s), 100/100 VUs, 0 complete and 0 interrupted iterations
hot_room_fixed   [   0% ] 100 VUs  0m26.8s/3m30s  000/100 iters, 1 per VU

running (0m28.0s), 100/100 VUs, 0 complete and 0 interrupted iterations
hot_room_fixed   [   0% ] 100 VUs  0m27.8s/3m30s  000/100 iters, 1 per VU

running (0m29.0s), 100/100 VUs, 0 complete and 0 interrupted iterations
hot_room_fixed   [   0% ] 100 VUs  0m28.8s/3m30s  000/100 iters, 1 per VU

running (0m30.0s), 100/100 VUs, 0 complete and 0 interrupted iterations
hot_room_fixed   [   0% ] 100 VUs  0m29.8s/3m30s  000/100 iters, 1 per VU

running (0m31.0s), 100/100 VUs, 0 complete and 0 interrupted iterations
hot_room_fixed   [   0% ] 100 VUs  0m30.8s/3m30s  000/100 iters, 1 per VU

running (0m32.0s), 100/100 VUs, 0 complete and 0 interrupted iterations
hot_room_fixed   [   0% ] 100 VUs  0m31.8s/3m30s  000/100 iters, 1 per VU

running (0m33.0s), 100/100 VUs, 0 complete and 0 interrupted iterations
hot_room_fixed   [   0% ] 100 VUs  0m32.8s/3m30s  000/100 iters, 1 per VU

running (0m34.0s), 100/100 VUs, 0 complete and 0 interrupted iterations
hot_room_fixed   [   0% ] 100 VUs  0m33.8s/3m30s  000/100 iters, 1 per VU

running (0m35.0s), 100/100 VUs, 0 complete and 0 interrupted iterations
hot_room_fixed   [   0% ] 100 VUs  0m34.8s/3m30s  000/100 iters, 1 per VU

running (0m36.0s), 100/100 VUs, 0 complete and 0 interrupted iterations
hot_room_fixed   [   0% ] 100 VUs  0m35.8s/3m30s  000/100 iters, 1 per VU

running (0m37.0s), 100/100 VUs, 0 complete and 0 interrupted iterations
hot_room_fixed   [   0% ] 100 VUs  0m36.8s/3m30s  000/100 iters, 1 per VU

running (0m38.0s), 100/100 VUs, 0 complete and 0 interrupted iterations
hot_room_fixed   [   0% ] 100 VUs  0m37.8s/3m30s  000/100 iters, 1 per VU

running (0m39.0s), 100/100 VUs, 0 complete and 0 interrupted iterations
hot_room_fixed   [   0% ] 100 VUs  0m38.8s/3m30s  000/100 iters, 1 per VU

running (0m40.0s), 100/100 VUs, 0 complete and 0 interrupted iterations
hot_room_fixed   [   0% ] 100 VUs  0m39.8s/3m30s  000/100 iters, 1 per VU

running (0m41.0s), 100/100 VUs, 0 complete and 0 interrupted iterations
hot_room_fixed   [   0% ] 100 VUs  0m40.8s/3m30s  000/100 iters, 1 per VU

running (0m42.0s), 100/100 VUs, 0 complete and 0 interrupted iterations
hot_room_fixed   [   0% ] 100 VUs  0m41.8s/3m30s  000/100 iters, 1 per VU

running (0m43.0s), 100/100 VUs, 0 complete and 0 interrupted iterations
hot_room_fixed   [   0% ] 100 VUs  0m42.8s/3m30s  000/100 iters, 1 per VU

running (0m44.0s), 100/100 VUs, 0 complete and 0 interrupted iterations
hot_room_fixed   [   0% ] 100 VUs  0m43.8s/3m30s  000/100 iters, 1 per VU

running (0m45.0s), 100/100 VUs, 0 complete and 0 interrupted iterations
hot_room_fixed   [   0% ] 100 VUs  0m44.8s/3m30s  000/100 iters, 1 per VU

running (0m46.0s), 100/100 VUs, 0 complete and 0 interrupted iterations
hot_room_fixed   [   0% ] 100 VUs  0m45.8s/3m30s  000/100 iters, 1 per VU

running (0m47.0s), 100/100 VUs, 0 complete and 0 interrupted iterations
hot_room_fixed   [   0% ] 100 VUs  0m46.8s/3m30s  000/100 iters, 1 per VU

running (0m48.0s), 100/100 VUs, 0 complete and 0 interrupted iterations
hot_room_fixed   [   0% ] 100 VUs  0m47.8s/3m30s  000/100 iters, 1 per VU

running (0m49.0s), 100/100 VUs, 0 complete and 0 interrupted iterations
hot_room_fixed   [   0% ] 100 VUs  0m48.8s/3m30s  000/100 iters, 1 per VU

running (0m50.0s), 100/100 VUs, 0 complete and 0 interrupted iterations
hot_room_fixed   [   0% ] 100 VUs  0m49.8s/3m30s  000/100 iters, 1 per VU

running (0m51.0s), 100/100 VUs, 0 complete and 0 interrupted iterations
hot_room_fixed   [   0% ] 100 VUs  0m50.8s/3m30s  000/100 iters, 1 per VU

running (0m52.0s), 100/100 VUs, 0 complete and 0 interrupted iterations
hot_room_fixed   [   0% ] 100 VUs  0m51.8s/3m30s  000/100 iters, 1 per VU

running (0m53.0s), 100/100 VUs, 0 complete and 0 interrupted iterations
hot_room_fixed   [   0% ] 100 VUs  0m52.8s/3m30s  000/100 iters, 1 per VU

running (0m54.0s), 100/100 VUs, 0 complete and 0 interrupted iterations
hot_room_fixed   [   0% ] 100 VUs  0m53.8s/3m30s  000/100 iters, 1 per VU

running (0m55.0s), 100/100 VUs, 0 complete and 0 interrupted iterations
hot_room_fixed   [   0% ] 100 VUs  0m54.8s/3m30s  000/100 iters, 1 per VU

running (0m56.0s), 100/100 VUs, 0 complete and 0 interrupted iterations
hot_room_fixed   [   0% ] 100 VUs  0m55.8s/3m30s  000/100 iters, 1 per VU

running (0m57.0s), 100/100 VUs, 0 complete and 0 interrupted iterations
hot_room_fixed   [   0% ] 100 VUs  0m56.8s/3m30s  000/100 iters, 1 per VU

running (0m58.0s), 100/100 VUs, 0 complete and 0 interrupted iterations
hot_room_fixed   [   0% ] 100 VUs  0m57.8s/3m30s  000/100 iters, 1 per VU

running (0m59.0s), 100/100 VUs, 0 complete and 0 interrupted iterations
hot_room_fixed   [   0% ] 100 VUs  0m58.8s/3m30s  000/100 iters, 1 per VU

running (1m00.0s), 100/100 VUs, 0 complete and 0 interrupted iterations
hot_room_fixed   [   0% ] 100 VUs  0m59.8s/3m30s  000/100 iters, 1 per VU

running (1m01.0s), 100/100 VUs, 0 complete and 0 interrupted iterations
hot_room_fixed   [   0% ] 100 VUs  1m00.8s/3m30s  000/100 iters, 1 per VU

running (1m02.0s), 100/100 VUs, 0 complete and 0 interrupted iterations
hot_room_fixed   [   0% ] 100 VUs  1m01.8s/3m30s  000/100 iters, 1 per VU

running (1m03.0s), 100/100 VUs, 0 complete and 0 interrupted iterations
hot_room_fixed   [   0% ] 100 VUs  1m02.8s/3m30s  000/100 iters, 1 per VU

running (1m04.0s), 100/100 VUs, 0 complete and 0 interrupted iterations
hot_room_fixed   [   0% ] 100 VUs  1m03.8s/3m30s  000/100 iters, 1 per VU

running (1m05.0s), 100/100 VUs, 0 complete and 0 interrupted iterations
hot_room_fixed   [   0% ] 100 VUs  1m04.8s/3m30s  000/100 iters, 1 per VU

running (1m06.0s), 100/100 VUs, 0 complete and 0 interrupted iterations
hot_room_fixed   [   0% ] 100 VUs  1m05.8s/3m30s  000/100 iters, 1 per VU

running (1m07.0s), 100/100 VUs, 0 complete and 0 interrupted iterations
hot_room_fixed   [   0% ] 100 VUs  1m06.8s/3m30s  000/100 iters, 1 per VU

running (1m08.0s), 100/100 VUs, 0 complete and 0 interrupted iterations
hot_room_fixed   [   0% ] 100 VUs  1m07.8s/3m30s  000/100 iters, 1 per VU

running (1m09.0s), 100/100 VUs, 0 complete and 0 interrupted iterations
hot_room_fixed   [   0% ] 100 VUs  1m08.8s/3m30s  000/100 iters, 1 per VU

running (1m10.0s), 100/100 VUs, 0 complete and 0 interrupted iterations
hot_room_fixed   [   0% ] 100 VUs  1m09.8s/3m30s  000/100 iters, 1 per VU

running (1m11.0s), 100/100 VUs, 0 complete and 0 interrupted iterations
hot_room_fixed   [   0% ] 100 VUs  1m10.8s/3m30s  000/100 iters, 1 per VU

running (1m12.0s), 100/100 VUs, 0 complete and 0 interrupted iterations
hot_room_fixed   [   0% ] 100 VUs  1m11.8s/3m30s  000/100 iters, 1 per VU

running (1m13.0s), 100/100 VUs, 0 complete and 0 interrupted iterations
hot_room_fixed   [   0% ] 100 VUs  1m12.8s/3m30s  000/100 iters, 1 per VU

running (1m14.0s), 100/100 VUs, 0 complete and 0 interrupted iterations
hot_room_fixed   [   0% ] 100 VUs  1m13.8s/3m30s  000/100 iters, 1 per VU

running (1m15.0s), 100/100 VUs, 0 complete and 0 interrupted iterations
hot_room_fixed   [   0% ] 100 VUs  1m14.8s/3m30s  000/100 iters, 1 per VU

running (1m16.0s), 100/100 VUs, 0 complete and 0 interrupted iterations
hot_room_fixed   [   0% ] 100 VUs  1m15.8s/3m30s  000/100 iters, 1 per VU

running (1m17.0s), 100/100 VUs, 0 complete and 0 interrupted iterations
hot_room_fixed   [   0% ] 100 VUs  1m16.8s/3m30s  000/100 iters, 1 per VU

running (1m18.0s), 100/100 VUs, 0 complete and 0 interrupted iterations
hot_room_fixed   [   0% ] 100 VUs  1m17.8s/3m30s  000/100 iters, 1 per VU

running (1m19.0s), 100/100 VUs, 0 complete and 0 interrupted iterations
hot_room_fixed   [   0% ] 100 VUs  1m18.8s/3m30s  000/100 iters, 1 per VU

running (1m20.0s), 100/100 VUs, 0 complete and 0 interrupted iterations
hot_room_fixed   [   0% ] 100 VUs  1m19.8s/3m30s  000/100 iters, 1 per VU

running (1m21.0s), 100/100 VUs, 0 complete and 0 interrupted iterations
hot_room_fixed   [   0% ] 100 VUs  1m20.8s/3m30s  000/100 iters, 1 per VU

running (1m22.0s), 100/100 VUs, 0 complete and 0 interrupted iterations
hot_room_fixed   [   0% ] 100 VUs  1m21.8s/3m30s  000/100 iters, 1 per VU

running (1m23.0s), 100/100 VUs, 0 complete and 0 interrupted iterations
hot_room_fixed   [   0% ] 100 VUs  1m22.8s/3m30s  000/100 iters, 1 per VU

running (1m24.0s), 100/100 VUs, 0 complete and 0 interrupted iterations
hot_room_fixed   [   0% ] 100 VUs  1m23.8s/3m30s  000/100 iters, 1 per VU

running (1m25.0s), 100/100 VUs, 0 complete and 0 interrupted iterations
hot_room_fixed   [   0% ] 100 VUs  1m24.8s/3m30s  000/100 iters, 1 per VU

running (1m26.0s), 100/100 VUs, 0 complete and 0 interrupted iterations
hot_room_fixed   [   0% ] 100 VUs  1m25.8s/3m30s  000/100 iters, 1 per VU

running (1m27.0s), 100/100 VUs, 0 complete and 0 interrupted iterations
hot_room_fixed   [   0% ] 100 VUs  1m26.8s/3m30s  000/100 iters, 1 per VU

running (1m28.0s), 100/100 VUs, 0 complete and 0 interrupted iterations
hot_room_fixed   [   0% ] 100 VUs  1m27.8s/3m30s  000/100 iters, 1 per VU

running (1m29.0s), 100/100 VUs, 0 complete and 0 interrupted iterations
hot_room_fixed   [   0% ] 100 VUs  1m28.8s/3m30s  000/100 iters, 1 per VU

running (1m30.0s), 100/100 VUs, 0 complete and 0 interrupted iterations
hot_room_fixed   [   0% ] 100 VUs  1m29.8s/3m30s  000/100 iters, 1 per VU

running (1m31.0s), 100/100 VUs, 0 complete and 0 interrupted iterations
hot_room_fixed   [   0% ] 100 VUs  1m30.8s/3m30s  000/100 iters, 1 per VU

running (1m32.0s), 100/100 VUs, 0 complete and 0 interrupted iterations
hot_room_fixed   [   0% ] 100 VUs  1m31.8s/3m30s  000/100 iters, 1 per VU

running (1m33.0s), 100/100 VUs, 0 complete and 0 interrupted iterations
hot_room_fixed   [   0% ] 100 VUs  1m32.8s/3m30s  000/100 iters, 1 per VU

running (1m34.0s), 100/100 VUs, 0 complete and 0 interrupted iterations
hot_room_fixed   [   0% ] 100 VUs  1m33.8s/3m30s  000/100 iters, 1 per VU

running (1m35.0s), 100/100 VUs, 0 complete and 0 interrupted iterations
hot_room_fixed   [   0% ] 100 VUs  1m34.8s/3m30s  000/100 iters, 1 per VU

running (1m36.0s), 100/100 VUs, 0 complete and 0 interrupted iterations
hot_room_fixed   [   0% ] 100 VUs  1m35.8s/3m30s  000/100 iters, 1 per VU

running (1m37.0s), 100/100 VUs, 0 complete and 0 interrupted iterations
hot_room_fixed   [   0% ] 100 VUs  1m36.8s/3m30s  000/100 iters, 1 per VU

running (1m38.0s), 100/100 VUs, 0 complete and 0 interrupted iterations
hot_room_fixed   [   0% ] 100 VUs  1m37.8s/3m30s  000/100 iters, 1 per VU

running (1m39.0s), 100/100 VUs, 0 complete and 0 interrupted iterations
hot_room_fixed   [   0% ] 100 VUs  1m38.8s/3m30s  000/100 iters, 1 per VU

running (1m40.0s), 100/100 VUs, 0 complete and 0 interrupted iterations
hot_room_fixed   [   0% ] 100 VUs  1m39.8s/3m30s  000/100 iters, 1 per VU

running (1m41.0s), 100/100 VUs, 0 complete and 0 interrupted iterations
hot_room_fixed   [   0% ] 100 VUs  1m40.8s/3m30s  000/100 iters, 1 per VU

running (1m42.0s), 100/100 VUs, 0 complete and 0 interrupted iterations
hot_room_fixed   [   0% ] 100 VUs  1m41.8s/3m30s  000/100 iters, 1 per VU

running (1m43.0s), 100/100 VUs, 0 complete and 0 interrupted iterations
hot_room_fixed   [   0% ] 100 VUs  1m42.8s/3m30s  000/100 iters, 1 per VU

running (1m44.0s), 100/100 VUs, 0 complete and 0 interrupted iterations
hot_room_fixed   [   0% ] 100 VUs  1m43.8s/3m30s  000/100 iters, 1 per VU

running (1m45.0s), 100/100 VUs, 0 complete and 0 interrupted iterations
hot_room_fixed   [   0% ] 100 VUs  1m44.8s/3m30s  000/100 iters, 1 per VU

running (1m46.0s), 100/100 VUs, 0 complete and 0 interrupted iterations
hot_room_fixed   [   0% ] 100 VUs  1m45.8s/3m30s  000/100 iters, 1 per VU

running (1m47.0s), 100/100 VUs, 0 complete and 0 interrupted iterations
hot_room_fixed   [   0% ] 100 VUs  1m46.8s/3m30s  000/100 iters, 1 per VU

running (1m48.0s), 100/100 VUs, 0 complete and 0 interrupted iterations
hot_room_fixed   [   0% ] 100 VUs  1m47.8s/3m30s  000/100 iters, 1 per VU

running (1m49.0s), 100/100 VUs, 0 complete and 0 interrupted iterations
hot_room_fixed   [   0% ] 100 VUs  1m48.8s/3m30s  000/100 iters, 1 per VU

running (1m50.0s), 100/100 VUs, 0 complete and 0 interrupted iterations
hot_room_fixed   [   0% ] 100 VUs  1m49.8s/3m30s  000/100 iters, 1 per VU

running (1m51.0s), 100/100 VUs, 0 complete and 0 interrupted iterations
hot_room_fixed   [   0% ] 100 VUs  1m50.8s/3m30s  000/100 iters, 1 per VU

running (1m52.0s), 100/100 VUs, 0 complete and 0 interrupted iterations
hot_room_fixed   [   0% ] 100 VUs  1m51.8s/3m30s  000/100 iters, 1 per VU

running (1m53.0s), 100/100 VUs, 0 complete and 0 interrupted iterations
hot_room_fixed   [   0% ] 100 VUs  1m52.8s/3m30s  000/100 iters, 1 per VU

running (1m54.0s), 100/100 VUs, 0 complete and 0 interrupted iterations
hot_room_fixed   [   0% ] 100 VUs  1m53.8s/3m30s  000/100 iters, 1 per VU

running (1m55.0s), 100/100 VUs, 0 complete and 0 interrupted iterations
hot_room_fixed   [   0% ] 100 VUs  1m54.8s/3m30s  000/100 iters, 1 per VU

running (1m56.0s), 100/100 VUs, 0 complete and 0 interrupted iterations
hot_room_fixed   [   0% ] 100 VUs  1m55.8s/3m30s  000/100 iters, 1 per VU

running (1m57.0s), 100/100 VUs, 0 complete and 0 interrupted iterations
hot_room_fixed   [   0% ] 100 VUs  1m56.8s/3m30s  000/100 iters, 1 per VU

running (1m58.0s), 100/100 VUs, 0 complete and 0 interrupted iterations
hot_room_fixed   [   0% ] 100 VUs  1m57.8s/3m30s  000/100 iters, 1 per VU

running (1m59.0s), 100/100 VUs, 0 complete and 0 interrupted iterations
hot_room_fixed   [   0% ] 100 VUs  1m58.8s/3m30s  000/100 iters, 1 per VU

running (2m00.0s), 100/100 VUs, 0 complete and 0 interrupted iterations
hot_room_fixed   [   0% ] 100 VUs  1m59.8s/3m30s  000/100 iters, 1 per VU

running (2m01.0s), 100/100 VUs, 0 complete and 0 interrupted iterations
hot_room_fixed   [   0% ] 100 VUs  2m00.8s/3m30s  000/100 iters, 1 per VU

running (2m02.0s), 081/100 VUs, 19 complete and 0 interrupted iterations
hot_room_fixed   [  19% ] 100 VUs  2m01.8s/3m30s  019/100 iters, 1 per VU

running (2m03.0s), 007/100 VUs, 93 complete and 0 interrupted iterations
hot_room_fixed   [  93% ] 100 VUs  2m02.8s/3m30s  093/100 iters, 1 per VU


  █ THRESHOLDS 

    http_error_rate
    ✓ 'rate<0.01' rate=0.00%

    ws_connect_duration_ms
    ✓ 'p(95)<5000' p(95)=595ms
    ✓ 'p(99)<10000' p(99)=617.93ms

    ws_connect_success_rate
    ✓ 'rate>0.99' rate=100.00%

    ws_message_roundtrip_ms
    ✓ 'p(50)<5000' p(50)=15ms
    ✓ 'p(95)<60000' p(95)=43ms
    ✓ 'p(99)<120000' p(99)=781ms


  █ TOTAL RESULTS 

    checks_total.......: 404     3.273349/s
    checks_succeeded...: 100.00% 404 out of 404
    checks_failed......: 0.00%   0 out of 404

    ✓ login status 200
    ✓ login has token
    ✓ createHotRoom status 2xx
    ✓ createHotRoom has id
    ✓ enterRoom ok
    ✓ ws connected

    CUSTOM
    hot_room_broadcast_received_total...: 1190968 9649.638152/s
    hot_room_own_echo_received_total....: 11900   96.417951/s
    hot_room_unique_received_total......: 1190968 9649.638152/s
    http_error_rate.....................: 0.00%   0 out of 202
    rest_create_room_duration_ms........: avg=83.51ms  min=83.51ms  med=83.51ms  max=83.51ms  p(90)=83.51ms  p(95)=83.51ms 
    rest_enter_room_duration_ms.........: avg=1.43s    min=699.13ms med=1.39s    max=2.79s    p(90)=1.9s     p(95)=2.11s   
    rest_login_duration_ms..............: avg=262.87ms min=13.4ms   med=254.65ms max=664.12ms p(90)=552.01ms p(95)=562.8ms 

    HTTP
    http_req_duration...................: avg=839.81ms min=13.4ms   med=657.13ms max=2.79s    p(90)=1.8s     p(95)=1.9s    
      { expected_response:true }........: avg=839.81ms min=13.4ms   med=657.13ms max=2.79s    p(90)=1.8s     p(95)=1.9s    
    http_req_failed.....................: 0.00%   0 out of 202
    http_reqs...........................: 202     1.636674/s

    EXECUTION
    iteration_duration..................: avg=2m2s     min=2m1s     med=2m2s     max=2m3s     p(90)=2m2s     p(95)=2m2s    
    iterations..........................: 100     0.810235/s
    vus.................................: 7       min=7          max=100
    vus_max.............................: 100     min=100        max=100

    NETWORK
    data_received.......................: 336 MB  2.7 MB/s
    data_sent...........................: 1.3 MB  10 kB/s

    WEBSOCKET
    ws_connect_duration_ms..............: avg=331.06ms min=103ms    med=304.5ms  max=711ms    p(90)=590.1ms  p(95)=595ms   
    ws_connect_success_rate.............: 100.00% 100 out of 100
    ws_connecting.......................: avg=331.01ms min=103.2ms  med=304.89ms max=710.71ms p(90)=589.49ms p(95)=594.54ms
    ws_message_roundtrip_ms.............: avg=35.86ms  min=4ms      med=15ms     max=1.31s    p(90)=30ms     p(95)=43ms    
    ws_messages_received_total..........: 1190968 9649.638152/s
    ws_messages_sent_total..............: 11930   96.661021/s
    ws_msgs_received....................: 1190968 9649.638152/s
    ws_msgs_sent........................: 11930   96.661021/s
    ws_session_duration.................: avg=2m0s     min=2m0s     med=2m0s     max=2m0s     p(90)=2m0s     p(95)=2m0s    
    ws_sessions.........................: 100     0.810235/s




running (2m03.4s), 000/100 VUs, 100 complete and 0 interrupted iterations
hot_room_fixed ✓ [ 100% ] 100 VUs  2m03.3s/3m30s  100/100 iters, 1 per VU
