
         /\      Grafana   /‾‾/  
    /\  /  \     |\  __   /  /   
   /  \/    \    | |/ /  /   ‾‾\ 
  /          \   |   (  |  (‾)  |
 / __________ \  |_|\_\  \_____/ 


     execution: local
        script: k6/scenarios/07-hot-room-fixed.js
        output: -

     scenarios: (100.00%) 1 scenario, 200 max VUs, 4m0s max duration (incl. graceful stop):
              * hot_room_fixed: 1 iterations for each of 200 VUs (maxDuration: 3m30s, gracefulStop: 30s)


running (0m01.0s), 200/200 VUs, 0 complete and 0 interrupted iterations
hot_room_fixed   [   0% ] 200 VUs  0m01.0s/3m30s  000/200 iters, 1 per VU

running (0m02.0s), 200/200 VUs, 0 complete and 0 interrupted iterations
hot_room_fixed   [   0% ] 200 VUs  0m02.0s/3m30s  000/200 iters, 1 per VU

running (0m03.0s), 200/200 VUs, 0 complete and 0 interrupted iterations
hot_room_fixed   [   0% ] 200 VUs  0m02.9s/3m30s  000/200 iters, 1 per VU

running (0m04.0s), 200/200 VUs, 0 complete and 0 interrupted iterations
hot_room_fixed   [   0% ] 200 VUs  0m04.0s/3m30s  000/200 iters, 1 per VU

running (0m05.0s), 200/200 VUs, 0 complete and 0 interrupted iterations
hot_room_fixed   [   0% ] 200 VUs  0m05.0s/3m30s  000/200 iters, 1 per VU

running (0m06.0s), 200/200 VUs, 0 complete and 0 interrupted iterations
hot_room_fixed   [   0% ] 200 VUs  0m05.9s/3m30s  000/200 iters, 1 per VU

running (0m07.0s), 200/200 VUs, 0 complete and 0 interrupted iterations
hot_room_fixed   [   0% ] 200 VUs  0m06.9s/3m30s  000/200 iters, 1 per VU

running (0m08.0s), 200/200 VUs, 0 complete and 0 interrupted iterations
hot_room_fixed   [   0% ] 200 VUs  0m07.9s/3m30s  000/200 iters, 1 per VU

running (0m09.0s), 200/200 VUs, 0 complete and 0 interrupted iterations
hot_room_fixed   [   0% ] 200 VUs  0m08.9s/3m30s  000/200 iters, 1 per VU

running (0m10.0s), 200/200 VUs, 0 complete and 0 interrupted iterations
hot_room_fixed   [   0% ] 200 VUs  0m09.9s/3m30s  000/200 iters, 1 per VU

running (0m11.0s), 200/200 VUs, 0 complete and 0 interrupted iterations
hot_room_fixed   [   0% ] 200 VUs  0m10.9s/3m30s  000/200 iters, 1 per VU

running (0m12.0s), 200/200 VUs, 0 complete and 0 interrupted iterations
hot_room_fixed   [   0% ] 200 VUs  0m11.9s/3m30s  000/200 iters, 1 per VU

running (0m13.0s), 200/200 VUs, 0 complete and 0 interrupted iterations
hot_room_fixed   [   0% ] 200 VUs  0m12.9s/3m30s  000/200 iters, 1 per VU

running (0m14.0s), 200/200 VUs, 0 complete and 0 interrupted iterations
hot_room_fixed   [   0% ] 200 VUs  0m13.9s/3m30s  000/200 iters, 1 per VU

running (0m15.0s), 200/200 VUs, 0 complete and 0 interrupted iterations
hot_room_fixed   [   0% ] 200 VUs  0m14.9s/3m30s  000/200 iters, 1 per VU

running (0m16.0s), 200/200 VUs, 0 complete and 0 interrupted iterations
hot_room_fixed   [   0% ] 200 VUs  0m15.9s/3m30s  000/200 iters, 1 per VU

running (0m17.0s), 200/200 VUs, 0 complete and 0 interrupted iterations
hot_room_fixed   [   0% ] 200 VUs  0m16.9s/3m30s  000/200 iters, 1 per VU

running (0m18.0s), 200/200 VUs, 0 complete and 0 interrupted iterations
hot_room_fixed   [   0% ] 200 VUs  0m17.9s/3m30s  000/200 iters, 1 per VU

running (0m19.0s), 200/200 VUs, 0 complete and 0 interrupted iterations
hot_room_fixed   [   0% ] 200 VUs  0m18.9s/3m30s  000/200 iters, 1 per VU

running (0m20.0s), 200/200 VUs, 0 complete and 0 interrupted iterations
hot_room_fixed   [   0% ] 200 VUs  0m19.9s/3m30s  000/200 iters, 1 per VU

running (0m21.0s), 200/200 VUs, 0 complete and 0 interrupted iterations
hot_room_fixed   [   0% ] 200 VUs  0m20.9s/3m30s  000/200 iters, 1 per VU

running (0m22.0s), 200/200 VUs, 0 complete and 0 interrupted iterations
hot_room_fixed   [   0% ] 200 VUs  0m21.9s/3m30s  000/200 iters, 1 per VU

running (0m23.0s), 200/200 VUs, 0 complete and 0 interrupted iterations
hot_room_fixed   [   0% ] 200 VUs  0m22.9s/3m30s  000/200 iters, 1 per VU

running (0m24.0s), 200/200 VUs, 0 complete and 0 interrupted iterations
hot_room_fixed   [   0% ] 200 VUs  0m23.9s/3m30s  000/200 iters, 1 per VU

running (0m25.0s), 200/200 VUs, 0 complete and 0 interrupted iterations
hot_room_fixed   [   0% ] 200 VUs  0m24.9s/3m30s  000/200 iters, 1 per VU

running (0m26.0s), 200/200 VUs, 0 complete and 0 interrupted iterations
hot_room_fixed   [   0% ] 200 VUs  0m25.9s/3m30s  000/200 iters, 1 per VU

running (0m27.0s), 200/200 VUs, 0 complete and 0 interrupted iterations
hot_room_fixed   [   0% ] 200 VUs  0m26.9s/3m30s  000/200 iters, 1 per VU

running (0m28.0s), 200/200 VUs, 0 complete and 0 interrupted iterations
hot_room_fixed   [   0% ] 200 VUs  0m28.0s/3m30s  000/200 iters, 1 per VU

running (0m29.0s), 200/200 VUs, 0 complete and 0 interrupted iterations
hot_room_fixed   [   0% ] 200 VUs  0m28.9s/3m30s  000/200 iters, 1 per VU

running (0m30.0s), 200/200 VUs, 0 complete and 0 interrupted iterations
hot_room_fixed   [   0% ] 200 VUs  0m29.9s/3m30s  000/200 iters, 1 per VU

running (0m31.0s), 200/200 VUs, 0 complete and 0 interrupted iterations
hot_room_fixed   [   0% ] 200 VUs  0m30.9s/3m30s  000/200 iters, 1 per VU

running (0m32.0s), 200/200 VUs, 0 complete and 0 interrupted iterations
hot_room_fixed   [   0% ] 200 VUs  0m32.0s/3m30s  000/200 iters, 1 per VU

running (0m33.0s), 200/200 VUs, 0 complete and 0 interrupted iterations
hot_room_fixed   [   0% ] 200 VUs  0m32.9s/3m30s  000/200 iters, 1 per VU

running (0m34.0s), 200/200 VUs, 0 complete and 0 interrupted iterations
hot_room_fixed   [   0% ] 200 VUs  0m34.0s/3m30s  000/200 iters, 1 per VU

running (0m35.0s), 200/200 VUs, 0 complete and 0 interrupted iterations
hot_room_fixed   [   0% ] 200 VUs  0m34.9s/3m30s  000/200 iters, 1 per VU

running (0m36.0s), 200/200 VUs, 0 complete and 0 interrupted iterations
hot_room_fixed   [   0% ] 200 VUs  0m36.0s/3m30s  000/200 iters, 1 per VU

running (0m37.0s), 200/200 VUs, 0 complete and 0 interrupted iterations
hot_room_fixed   [   0% ] 200 VUs  0m36.9s/3m30s  000/200 iters, 1 per VU

running (0m38.0s), 200/200 VUs, 0 complete and 0 interrupted iterations
hot_room_fixed   [   0% ] 200 VUs  0m37.9s/3m30s  000/200 iters, 1 per VU

running (0m39.0s), 200/200 VUs, 0 complete and 0 interrupted iterations
hot_room_fixed   [   0% ] 200 VUs  0m38.9s/3m30s  000/200 iters, 1 per VU

running (0m40.0s), 200/200 VUs, 0 complete and 0 interrupted iterations
hot_room_fixed   [   0% ] 200 VUs  0m39.9s/3m30s  000/200 iters, 1 per VU

running (0m41.0s), 200/200 VUs, 0 complete and 0 interrupted iterations
hot_room_fixed   [   0% ] 200 VUs  0m40.9s/3m30s  000/200 iters, 1 per VU

running (0m42.0s), 200/200 VUs, 0 complete and 0 interrupted iterations
hot_room_fixed   [   0% ] 200 VUs  0m41.9s/3m30s  000/200 iters, 1 per VU

running (0m43.0s), 200/200 VUs, 0 complete and 0 interrupted iterations
hot_room_fixed   [   0% ] 200 VUs  0m42.9s/3m30s  000/200 iters, 1 per VU

running (0m44.0s), 200/200 VUs, 0 complete and 0 interrupted iterations
hot_room_fixed   [   0% ] 200 VUs  0m43.9s/3m30s  000/200 iters, 1 per VU

running (0m45.0s), 200/200 VUs, 0 complete and 0 interrupted iterations
hot_room_fixed   [   0% ] 200 VUs  0m44.9s/3m30s  000/200 iters, 1 per VU

running (0m46.0s), 200/200 VUs, 0 complete and 0 interrupted iterations
hot_room_fixed   [   0% ] 200 VUs  0m45.9s/3m30s  000/200 iters, 1 per VU

running (0m47.0s), 200/200 VUs, 0 complete and 0 interrupted iterations
hot_room_fixed   [   0% ] 200 VUs  0m47.0s/3m30s  000/200 iters, 1 per VU

running (0m48.0s), 200/200 VUs, 0 complete and 0 interrupted iterations
hot_room_fixed   [   0% ] 200 VUs  0m47.9s/3m30s  000/200 iters, 1 per VU

running (0m49.0s), 200/200 VUs, 0 complete and 0 interrupted iterations
hot_room_fixed   [   0% ] 200 VUs  0m48.9s/3m30s  000/200 iters, 1 per VU

running (0m50.0s), 200/200 VUs, 0 complete and 0 interrupted iterations
hot_room_fixed   [   0% ] 200 VUs  0m49.9s/3m30s  000/200 iters, 1 per VU

running (0m51.0s), 200/200 VUs, 0 complete and 0 interrupted iterations
hot_room_fixed   [   0% ] 200 VUs  0m50.9s/3m30s  000/200 iters, 1 per VU

running (0m52.0s), 200/200 VUs, 0 complete and 0 interrupted iterations
hot_room_fixed   [   0% ] 200 VUs  0m51.9s/3m30s  000/200 iters, 1 per VU

running (0m53.0s), 200/200 VUs, 0 complete and 0 interrupted iterations
hot_room_fixed   [   0% ] 200 VUs  0m52.9s/3m30s  000/200 iters, 1 per VU

running (0m54.0s), 200/200 VUs, 0 complete and 0 interrupted iterations
hot_room_fixed   [   0% ] 200 VUs  0m53.9s/3m30s  000/200 iters, 1 per VU

running (0m55.0s), 200/200 VUs, 0 complete and 0 interrupted iterations
hot_room_fixed   [   0% ] 200 VUs  0m54.9s/3m30s  000/200 iters, 1 per VU

running (0m56.0s), 200/200 VUs, 0 complete and 0 interrupted iterations
hot_room_fixed   [   0% ] 200 VUs  0m55.9s/3m30s  000/200 iters, 1 per VU

running (0m57.0s), 200/200 VUs, 0 complete and 0 interrupted iterations
hot_room_fixed   [   0% ] 200 VUs  0m56.9s/3m30s  000/200 iters, 1 per VU

running (0m58.0s), 200/200 VUs, 0 complete and 0 interrupted iterations
hot_room_fixed   [   0% ] 200 VUs  0m58.0s/3m30s  000/200 iters, 1 per VU

running (0m59.0s), 200/200 VUs, 0 complete and 0 interrupted iterations
hot_room_fixed   [   0% ] 200 VUs  0m58.9s/3m30s  000/200 iters, 1 per VU

running (1m00.0s), 200/200 VUs, 0 complete and 0 interrupted iterations
hot_room_fixed   [   0% ] 200 VUs  0m59.9s/3m30s  000/200 iters, 1 per VU

running (1m01.0s), 200/200 VUs, 0 complete and 0 interrupted iterations
hot_room_fixed   [   0% ] 200 VUs  1m00.9s/3m30s  000/200 iters, 1 per VU

running (1m02.0s), 200/200 VUs, 0 complete and 0 interrupted iterations
hot_room_fixed   [   0% ] 200 VUs  1m02.0s/3m30s  000/200 iters, 1 per VU

running (1m03.0s), 200/200 VUs, 0 complete and 0 interrupted iterations
hot_room_fixed   [   0% ] 200 VUs  1m03.0s/3m30s  000/200 iters, 1 per VU

running (1m04.0s), 200/200 VUs, 0 complete and 0 interrupted iterations
hot_room_fixed   [   0% ] 200 VUs  1m04.0s/3m30s  000/200 iters, 1 per VU

running (1m05.0s), 200/200 VUs, 0 complete and 0 interrupted iterations
hot_room_fixed   [   0% ] 200 VUs  1m04.9s/3m30s  000/200 iters, 1 per VU

running (1m06.0s), 200/200 VUs, 0 complete and 0 interrupted iterations
hot_room_fixed   [   0% ] 200 VUs  1m05.9s/3m30s  000/200 iters, 1 per VU

running (1m07.0s), 200/200 VUs, 0 complete and 0 interrupted iterations
hot_room_fixed   [   0% ] 200 VUs  1m07.0s/3m30s  000/200 iters, 1 per VU

running (1m08.0s), 200/200 VUs, 0 complete and 0 interrupted iterations
hot_room_fixed   [   0% ] 200 VUs  1m07.9s/3m30s  000/200 iters, 1 per VU

running (1m09.0s), 200/200 VUs, 0 complete and 0 interrupted iterations
hot_room_fixed   [   0% ] 200 VUs  1m08.9s/3m30s  000/200 iters, 1 per VU

running (1m10.0s), 200/200 VUs, 0 complete and 0 interrupted iterations
hot_room_fixed   [   0% ] 200 VUs  1m09.9s/3m30s  000/200 iters, 1 per VU

running (1m11.0s), 200/200 VUs, 0 complete and 0 interrupted iterations
hot_room_fixed   [   0% ] 200 VUs  1m10.9s/3m30s  000/200 iters, 1 per VU

running (1m12.0s), 200/200 VUs, 0 complete and 0 interrupted iterations
hot_room_fixed   [   0% ] 200 VUs  1m11.9s/3m30s  000/200 iters, 1 per VU

running (1m13.0s), 200/200 VUs, 0 complete and 0 interrupted iterations
hot_room_fixed   [   0% ] 200 VUs  1m12.9s/3m30s  000/200 iters, 1 per VU

running (1m14.0s), 200/200 VUs, 0 complete and 0 interrupted iterations
hot_room_fixed   [   0% ] 200 VUs  1m14.0s/3m30s  000/200 iters, 1 per VU

running (1m15.0s), 200/200 VUs, 0 complete and 0 interrupted iterations
hot_room_fixed   [   0% ] 200 VUs  1m15.0s/3m30s  000/200 iters, 1 per VU

running (1m16.0s), 200/200 VUs, 0 complete and 0 interrupted iterations
hot_room_fixed   [   0% ] 200 VUs  1m16.0s/3m30s  000/200 iters, 1 per VU

running (1m17.0s), 200/200 VUs, 0 complete and 0 interrupted iterations
hot_room_fixed   [   0% ] 200 VUs  1m16.9s/3m30s  000/200 iters, 1 per VU

running (1m18.0s), 200/200 VUs, 0 complete and 0 interrupted iterations
hot_room_fixed   [   0% ] 200 VUs  1m17.9s/3m30s  000/200 iters, 1 per VU

running (1m19.0s), 200/200 VUs, 0 complete and 0 interrupted iterations
hot_room_fixed   [   0% ] 200 VUs  1m18.9s/3m30s  000/200 iters, 1 per VU

running (1m20.0s), 200/200 VUs, 0 complete and 0 interrupted iterations
hot_room_fixed   [   0% ] 200 VUs  1m19.9s/3m30s  000/200 iters, 1 per VU

running (1m21.0s), 200/200 VUs, 0 complete and 0 interrupted iterations
hot_room_fixed   [   0% ] 200 VUs  1m20.9s/3m30s  000/200 iters, 1 per VU

running (1m22.0s), 200/200 VUs, 0 complete and 0 interrupted iterations
hot_room_fixed   [   0% ] 200 VUs  1m21.9s/3m30s  000/200 iters, 1 per VU

running (1m23.0s), 200/200 VUs, 0 complete and 0 interrupted iterations
hot_room_fixed   [   0% ] 200 VUs  1m22.9s/3m30s  000/200 iters, 1 per VU

running (1m24.0s), 200/200 VUs, 0 complete and 0 interrupted iterations
hot_room_fixed   [   0% ] 200 VUs  1m23.9s/3m30s  000/200 iters, 1 per VU

running (1m25.0s), 200/200 VUs, 0 complete and 0 interrupted iterations
hot_room_fixed   [   0% ] 200 VUs  1m25.0s/3m30s  000/200 iters, 1 per VU

running (1m26.0s), 200/200 VUs, 0 complete and 0 interrupted iterations
hot_room_fixed   [   0% ] 200 VUs  1m26.0s/3m30s  000/200 iters, 1 per VU

running (1m27.0s), 200/200 VUs, 0 complete and 0 interrupted iterations
hot_room_fixed   [   0% ] 200 VUs  1m26.9s/3m30s  000/200 iters, 1 per VU

running (1m28.0s), 200/200 VUs, 0 complete and 0 interrupted iterations
hot_room_fixed   [   0% ] 200 VUs  1m27.9s/3m30s  000/200 iters, 1 per VU

running (1m29.0s), 200/200 VUs, 0 complete and 0 interrupted iterations
hot_room_fixed   [   0% ] 200 VUs  1m29.0s/3m30s  000/200 iters, 1 per VU

running (1m30.0s), 200/200 VUs, 0 complete and 0 interrupted iterations
hot_room_fixed   [   0% ] 200 VUs  1m29.9s/3m30s  000/200 iters, 1 per VU

running (1m31.0s), 200/200 VUs, 0 complete and 0 interrupted iterations
hot_room_fixed   [   0% ] 200 VUs  1m30.9s/3m30s  000/200 iters, 1 per VU

running (1m32.0s), 200/200 VUs, 0 complete and 0 interrupted iterations
hot_room_fixed   [   0% ] 200 VUs  1m32.0s/3m30s  000/200 iters, 1 per VU

running (1m33.0s), 200/200 VUs, 0 complete and 0 interrupted iterations
hot_room_fixed   [   0% ] 200 VUs  1m32.9s/3m30s  000/200 iters, 1 per VU

running (1m34.0s), 200/200 VUs, 0 complete and 0 interrupted iterations
hot_room_fixed   [   0% ] 200 VUs  1m34.0s/3m30s  000/200 iters, 1 per VU

running (1m35.0s), 200/200 VUs, 0 complete and 0 interrupted iterations
hot_room_fixed   [   0% ] 200 VUs  1m34.9s/3m30s  000/200 iters, 1 per VU

running (1m36.0s), 200/200 VUs, 0 complete and 0 interrupted iterations
hot_room_fixed   [   0% ] 200 VUs  1m35.9s/3m30s  000/200 iters, 1 per VU

running (1m37.0s), 200/200 VUs, 0 complete and 0 interrupted iterations
hot_room_fixed   [   0% ] 200 VUs  1m37.0s/3m30s  000/200 iters, 1 per VU

running (1m38.0s), 200/200 VUs, 0 complete and 0 interrupted iterations
hot_room_fixed   [   0% ] 200 VUs  1m38.0s/3m30s  000/200 iters, 1 per VU

running (1m39.0s), 200/200 VUs, 0 complete and 0 interrupted iterations
hot_room_fixed   [   0% ] 200 VUs  1m39.0s/3m30s  000/200 iters, 1 per VU

running (1m40.0s), 200/200 VUs, 0 complete and 0 interrupted iterations
hot_room_fixed   [   0% ] 200 VUs  1m39.9s/3m30s  000/200 iters, 1 per VU

running (1m41.0s), 200/200 VUs, 0 complete and 0 interrupted iterations
hot_room_fixed   [   0% ] 200 VUs  1m40.9s/3m30s  000/200 iters, 1 per VU

running (1m42.0s), 200/200 VUs, 0 complete and 0 interrupted iterations
hot_room_fixed   [   0% ] 200 VUs  1m41.9s/3m30s  000/200 iters, 1 per VU

running (1m43.0s), 200/200 VUs, 0 complete and 0 interrupted iterations
hot_room_fixed   [   0% ] 200 VUs  1m42.9s/3m30s  000/200 iters, 1 per VU

running (1m44.0s), 200/200 VUs, 0 complete and 0 interrupted iterations
hot_room_fixed   [   0% ] 200 VUs  1m43.9s/3m30s  000/200 iters, 1 per VU

running (1m45.0s), 200/200 VUs, 0 complete and 0 interrupted iterations
hot_room_fixed   [   0% ] 200 VUs  1m44.9s/3m30s  000/200 iters, 1 per VU

running (1m46.0s), 200/200 VUs, 0 complete and 0 interrupted iterations
hot_room_fixed   [   0% ] 200 VUs  1m45.9s/3m30s  000/200 iters, 1 per VU

running (1m47.0s), 200/200 VUs, 0 complete and 0 interrupted iterations
hot_room_fixed   [   0% ] 200 VUs  1m46.9s/3m30s  000/200 iters, 1 per VU

running (1m48.0s), 200/200 VUs, 0 complete and 0 interrupted iterations
hot_room_fixed   [   0% ] 200 VUs  1m48.0s/3m30s  000/200 iters, 1 per VU

running (1m49.0s), 200/200 VUs, 0 complete and 0 interrupted iterations
hot_room_fixed   [   0% ] 200 VUs  1m49.0s/3m30s  000/200 iters, 1 per VU

running (1m50.0s), 200/200 VUs, 0 complete and 0 interrupted iterations
hot_room_fixed   [   0% ] 200 VUs  1m50.0s/3m30s  000/200 iters, 1 per VU

running (1m51.0s), 200/200 VUs, 0 complete and 0 interrupted iterations
hot_room_fixed   [   0% ] 200 VUs  1m50.9s/3m30s  000/200 iters, 1 per VU

running (1m52.0s), 200/200 VUs, 0 complete and 0 interrupted iterations
hot_room_fixed   [   0% ] 200 VUs  1m51.9s/3m30s  000/200 iters, 1 per VU

running (1m53.0s), 200/200 VUs, 0 complete and 0 interrupted iterations
hot_room_fixed   [   0% ] 200 VUs  1m52.9s/3m30s  000/200 iters, 1 per VU

running (1m54.0s), 200/200 VUs, 0 complete and 0 interrupted iterations
hot_room_fixed   [   0% ] 200 VUs  1m53.9s/3m30s  000/200 iters, 1 per VU

running (1m55.0s), 200/200 VUs, 0 complete and 0 interrupted iterations
hot_room_fixed   [   0% ] 200 VUs  1m54.9s/3m30s  000/200 iters, 1 per VU

running (1m56.0s), 200/200 VUs, 0 complete and 0 interrupted iterations
hot_room_fixed   [   0% ] 200 VUs  1m55.9s/3m30s  000/200 iters, 1 per VU

running (1m57.0s), 200/200 VUs, 0 complete and 0 interrupted iterations
hot_room_fixed   [   0% ] 200 VUs  1m56.9s/3m30s  000/200 iters, 1 per VU

running (1m58.0s), 200/200 VUs, 0 complete and 0 interrupted iterations
hot_room_fixed   [   0% ] 200 VUs  1m57.9s/3m30s  000/200 iters, 1 per VU

running (1m59.0s), 200/200 VUs, 0 complete and 0 interrupted iterations
hot_room_fixed   [   0% ] 200 VUs  1m58.9s/3m30s  000/200 iters, 1 per VU

running (2m00.0s), 200/200 VUs, 0 complete and 0 interrupted iterations
hot_room_fixed   [   0% ] 200 VUs  1m59.9s/3m30s  000/200 iters, 1 per VU

running (2m01.0s), 177/200 VUs, 23 complete and 0 interrupted iterations
hot_room_fixed   [  12% ] 200 VUs  2m00.9s/3m30s  023/200 iters, 1 per VU


  █ THRESHOLDS 

    http_error_rate
    ✓ 'rate<0.01' rate=0.00%

    ws_connect_duration_ms
    ✓ 'p(95)<5000' p(95)=581.1ms
    ✓ 'p(99)<10000' p(99)=720.6ms

    ws_connect_success_rate
    ✓ 'rate>0.99' rate=100.00%

    ws_message_roundtrip_ms
    ✓ 'p(50)<5000' p(50)=26ms
    ✓ 'p(95)<60000' p(95)=56ms
    ✓ 'p(99)<120000' p(99)=93ms


  █ TOTAL RESULTS 

    checks_total.......: 804     6.596336/s
    checks_succeeded...: 100.00% 804 out of 804
    checks_failed......: 0.00%   0 out of 804

    ✓ login status 200
    ✓ login has token
    ✓ createHotRoom status 2xx
    ✓ createHotRoom has id
    ✓ enterRoom ok
    ✓ ws connected

    CUSTOM
    hot_room_broadcast_received_total...: 4765329 39096.657346/s
    hot_room_own_echo_received_total....: 23800   195.264681/s
    hot_room_unique_received_total......: 4765329 39096.657346/s
    http_error_rate.....................: 0.00%   0 out of 402
    rest_create_room_duration_ms........: avg=14.11ms  min=14.11ms  med=14.11ms  max=14.11ms  p(90)=14.11ms  p(95)=14.11ms 
    rest_enter_room_duration_ms.........: avg=807.77ms min=119.88ms med=795.3ms  max=1.6s     p(90)=1.38s    p(95)=1.48s   
    rest_login_duration_ms..............: avg=240.56ms min=10.2ms   med=231.3ms  max=1.33s    p(90)=549.5ms  p(95)=633.22ms

    HTTP
    http_req_duration...................: avg=522.19ms min=10.2ms   med=407.59ms max=1.6s     p(90)=1.2s     p(95)=1.38s   
      { expected_response:true }........: avg=522.19ms min=10.2ms   med=407.59ms max=1.6s     p(90)=1.2s     p(95)=1.38s   
    http_req_failed.....................: 0.00%   0 out of 402
    http_reqs...........................: 402     3.298168/s

    EXECUTION
    iteration_duration..................: avg=2m1s     min=2m0s     med=2m1s     max=2m1s     p(90)=2m1s     p(95)=2m1s    
    iterations..........................: 200     1.64088/s
    vus.................................: 177     min=177        max=200
    vus_max.............................: 200     min=200        max=200

    NETWORK
    data_received.......................: 1.4 GB  11 MB/s
    data_sent...........................: 2.6 MB  21 kB/s

    WEBSOCKET
    ws_connect_duration_ms..............: avg=132.33ms min=4ms      med=84.5ms   max=816ms    p(90)=411.3ms  p(95)=581.1ms 
    ws_connect_success_rate.............: 100.00% 200 out of 200
    ws_connecting.......................: avg=132.29ms min=3.9ms    med=84.53ms  max=815.53ms p(90)=410.89ms p(95)=581.86ms
    ws_message_roundtrip_ms.............: avg=28.51ms  min=4ms      med=26ms     max=210ms    p(90)=48ms     p(95)=56ms    
    ws_messages_received_total..........: 4765329 39096.657346/s
    ws_messages_sent_total..............: 23875   195.88001/s
    ws_msgs_received....................: 4765329 39096.657346/s
    ws_msgs_sent........................: 23875   195.88001/s
    ws_session_duration.................: avg=2m0s     min=2m0s     med=2m0s     max=2m0s     p(90)=2m0s     p(95)=2m0s    
    ws_sessions.........................: 200     1.64088/s




running (2m01.9s), 000/200 VUs, 200 complete and 0 interrupted iterations
hot_room_fixed ✓ [ 100% ] 200 VUs  2m01.9s/3m30s  200/200 iters, 1 per VU
