
         /\      Grafana   /‾‾/  
    /\  /  \     |\  __   /  /   
   /  \/    \    | |/ /  /   ‾‾\ 
  /          \   |   (  |  (‾)  |
 / __________ \  |_|\_\  \_____/ 


     execution: local
        script: k6/scenarios/07-hot-room-fixed.js
        output: -

     scenarios: (100.00%) 1 scenario, 300 max VUs, 4m0s max duration (incl. graceful stop):
              * hot_room_fixed: 1 iterations for each of 300 VUs (maxDuration: 3m30s, gracefulStop: 30s)


running (0m01.0s), 300/300 VUs, 0 complete and 0 interrupted iterations
hot_room_fixed   [   0% ] 300 VUs  0m01.0s/3m30s  000/300 iters, 1 per VU

running (0m02.0s), 300/300 VUs, 0 complete and 0 interrupted iterations
hot_room_fixed   [   0% ] 300 VUs  0m02.0s/3m30s  000/300 iters, 1 per VU

running (0m03.0s), 300/300 VUs, 0 complete and 0 interrupted iterations
hot_room_fixed   [   0% ] 300 VUs  0m03.0s/3m30s  000/300 iters, 1 per VU

running (0m04.0s), 300/300 VUs, 0 complete and 0 interrupted iterations
hot_room_fixed   [   0% ] 300 VUs  0m04.0s/3m30s  000/300 iters, 1 per VU

running (0m05.0s), 300/300 VUs, 0 complete and 0 interrupted iterations
hot_room_fixed   [   0% ] 300 VUs  0m05.0s/3m30s  000/300 iters, 1 per VU

running (0m06.0s), 300/300 VUs, 0 complete and 0 interrupted iterations
hot_room_fixed   [   0% ] 300 VUs  0m06.0s/3m30s  000/300 iters, 1 per VU

running (0m07.0s), 300/300 VUs, 0 complete and 0 interrupted iterations
hot_room_fixed   [   0% ] 300 VUs  0m07.0s/3m30s  000/300 iters, 1 per VU

running (0m08.0s), 300/300 VUs, 0 complete and 0 interrupted iterations
hot_room_fixed   [   0% ] 300 VUs  0m08.0s/3m30s  000/300 iters, 1 per VU

running (0m09.0s), 300/300 VUs, 0 complete and 0 interrupted iterations
hot_room_fixed   [   0% ] 300 VUs  0m09.0s/3m30s  000/300 iters, 1 per VU

running (0m10.0s), 300/300 VUs, 0 complete and 0 interrupted iterations
hot_room_fixed   [   0% ] 300 VUs  0m10.0s/3m30s  000/300 iters, 1 per VU

running (0m11.0s), 300/300 VUs, 0 complete and 0 interrupted iterations
hot_room_fixed   [   0% ] 300 VUs  0m11.0s/3m30s  000/300 iters, 1 per VU

running (0m12.0s), 300/300 VUs, 0 complete and 0 interrupted iterations
hot_room_fixed   [   0% ] 300 VUs  0m12.0s/3m30s  000/300 iters, 1 per VU

running (0m13.0s), 300/300 VUs, 0 complete and 0 interrupted iterations
hot_room_fixed   [   0% ] 300 VUs  0m13.0s/3m30s  000/300 iters, 1 per VU

running (0m14.0s), 300/300 VUs, 0 complete and 0 interrupted iterations
hot_room_fixed   [   0% ] 300 VUs  0m14.0s/3m30s  000/300 iters, 1 per VU

running (0m15.0s), 300/300 VUs, 0 complete and 0 interrupted iterations
hot_room_fixed   [   0% ] 300 VUs  0m15.0s/3m30s  000/300 iters, 1 per VU

running (0m16.0s), 300/300 VUs, 0 complete and 0 interrupted iterations
hot_room_fixed   [   0% ] 300 VUs  0m16.0s/3m30s  000/300 iters, 1 per VU

running (0m17.0s), 300/300 VUs, 0 complete and 0 interrupted iterations
hot_room_fixed   [   0% ] 300 VUs  0m17.0s/3m30s  000/300 iters, 1 per VU

running (0m18.0s), 300/300 VUs, 0 complete and 0 interrupted iterations
hot_room_fixed   [   0% ] 300 VUs  0m18.0s/3m30s  000/300 iters, 1 per VU

running (0m19.0s), 300/300 VUs, 0 complete and 0 interrupted iterations
hot_room_fixed   [   0% ] 300 VUs  0m19.0s/3m30s  000/300 iters, 1 per VU

running (0m20.0s), 300/300 VUs, 0 complete and 0 interrupted iterations
hot_room_fixed   [   0% ] 300 VUs  0m20.0s/3m30s  000/300 iters, 1 per VU

running (0m21.0s), 300/300 VUs, 0 complete and 0 interrupted iterations
hot_room_fixed   [   0% ] 300 VUs  0m21.0s/3m30s  000/300 iters, 1 per VU

running (0m22.0s), 300/300 VUs, 0 complete and 0 interrupted iterations
hot_room_fixed   [   0% ] 300 VUs  0m22.0s/3m30s  000/300 iters, 1 per VU

running (0m23.0s), 300/300 VUs, 0 complete and 0 interrupted iterations
hot_room_fixed   [   0% ] 300 VUs  0m23.0s/3m30s  000/300 iters, 1 per VU

running (0m24.0s), 300/300 VUs, 0 complete and 0 interrupted iterations
hot_room_fixed   [   0% ] 300 VUs  0m24.0s/3m30s  000/300 iters, 1 per VU

running (0m25.0s), 300/300 VUs, 0 complete and 0 interrupted iterations
hot_room_fixed   [   0% ] 300 VUs  0m25.0s/3m30s  000/300 iters, 1 per VU

running (0m26.0s), 300/300 VUs, 0 complete and 0 interrupted iterations
hot_room_fixed   [   0% ] 300 VUs  0m26.0s/3m30s  000/300 iters, 1 per VU

running (0m27.0s), 300/300 VUs, 0 complete and 0 interrupted iterations
hot_room_fixed   [   0% ] 300 VUs  0m27.0s/3m30s  000/300 iters, 1 per VU

running (0m28.0s), 300/300 VUs, 0 complete and 0 interrupted iterations
hot_room_fixed   [   0% ] 300 VUs  0m28.0s/3m30s  000/300 iters, 1 per VU

running (0m29.0s), 300/300 VUs, 0 complete and 0 interrupted iterations
hot_room_fixed   [   0% ] 300 VUs  0m29.0s/3m30s  000/300 iters, 1 per VU

running (0m30.0s), 300/300 VUs, 0 complete and 0 interrupted iterations
hot_room_fixed   [   0% ] 300 VUs  0m30.0s/3m30s  000/300 iters, 1 per VU

running (0m31.0s), 300/300 VUs, 0 complete and 0 interrupted iterations
hot_room_fixed   [   0% ] 300 VUs  0m31.0s/3m30s  000/300 iters, 1 per VU

running (0m32.0s), 300/300 VUs, 0 complete and 0 interrupted iterations
hot_room_fixed   [   0% ] 300 VUs  0m32.0s/3m30s  000/300 iters, 1 per VU

running (0m33.0s), 300/300 VUs, 0 complete and 0 interrupted iterations
hot_room_fixed   [   0% ] 300 VUs  0m33.0s/3m30s  000/300 iters, 1 per VU

running (0m34.0s), 300/300 VUs, 0 complete and 0 interrupted iterations
hot_room_fixed   [   0% ] 300 VUs  0m34.0s/3m30s  000/300 iters, 1 per VU

running (0m35.0s), 300/300 VUs, 0 complete and 0 interrupted iterations
hot_room_fixed   [   0% ] 300 VUs  0m35.0s/3m30s  000/300 iters, 1 per VU

running (0m36.0s), 300/300 VUs, 0 complete and 0 interrupted iterations
hot_room_fixed   [   0% ] 300 VUs  0m36.0s/3m30s  000/300 iters, 1 per VU

running (0m37.0s), 300/300 VUs, 0 complete and 0 interrupted iterations
hot_room_fixed   [   0% ] 300 VUs  0m37.0s/3m30s  000/300 iters, 1 per VU

running (0m38.0s), 300/300 VUs, 0 complete and 0 interrupted iterations
hot_room_fixed   [   0% ] 300 VUs  0m38.0s/3m30s  000/300 iters, 1 per VU

running (0m39.0s), 300/300 VUs, 0 complete and 0 interrupted iterations
hot_room_fixed   [   0% ] 300 VUs  0m39.0s/3m30s  000/300 iters, 1 per VU

running (0m40.0s), 300/300 VUs, 0 complete and 0 interrupted iterations
hot_room_fixed   [   0% ] 300 VUs  0m40.0s/3m30s  000/300 iters, 1 per VU

running (0m41.0s), 300/300 VUs, 0 complete and 0 interrupted iterations
hot_room_fixed   [   0% ] 300 VUs  0m41.0s/3m30s  000/300 iters, 1 per VU

running (0m42.0s), 300/300 VUs, 0 complete and 0 interrupted iterations
hot_room_fixed   [   0% ] 300 VUs  0m42.0s/3m30s  000/300 iters, 1 per VU

running (0m43.0s), 300/300 VUs, 0 complete and 0 interrupted iterations
hot_room_fixed   [   0% ] 300 VUs  0m43.0s/3m30s  000/300 iters, 1 per VU

running (0m44.0s), 300/300 VUs, 0 complete and 0 interrupted iterations
hot_room_fixed   [   0% ] 300 VUs  0m44.0s/3m30s  000/300 iters, 1 per VU

running (0m45.0s), 300/300 VUs, 0 complete and 0 interrupted iterations
hot_room_fixed   [   0% ] 300 VUs  0m45.0s/3m30s  000/300 iters, 1 per VU

running (0m46.0s), 300/300 VUs, 0 complete and 0 interrupted iterations
hot_room_fixed   [   0% ] 300 VUs  0m46.0s/3m30s  000/300 iters, 1 per VU

running (0m47.0s), 300/300 VUs, 0 complete and 0 interrupted iterations
hot_room_fixed   [   0% ] 300 VUs  0m47.0s/3m30s  000/300 iters, 1 per VU

running (0m48.0s), 300/300 VUs, 0 complete and 0 interrupted iterations
hot_room_fixed   [   0% ] 300 VUs  0m48.0s/3m30s  000/300 iters, 1 per VU

running (0m49.0s), 300/300 VUs, 0 complete and 0 interrupted iterations
hot_room_fixed   [   0% ] 300 VUs  0m49.0s/3m30s  000/300 iters, 1 per VU

running (0m50.0s), 300/300 VUs, 0 complete and 0 interrupted iterations
hot_room_fixed   [   0% ] 300 VUs  0m50.0s/3m30s  000/300 iters, 1 per VU

running (0m51.0s), 300/300 VUs, 0 complete and 0 interrupted iterations
hot_room_fixed   [   0% ] 300 VUs  0m51.0s/3m30s  000/300 iters, 1 per VU

running (0m52.0s), 300/300 VUs, 0 complete and 0 interrupted iterations
hot_room_fixed   [   0% ] 300 VUs  0m52.0s/3m30s  000/300 iters, 1 per VU

running (0m53.0s), 300/300 VUs, 0 complete and 0 interrupted iterations
hot_room_fixed   [   0% ] 300 VUs  0m53.0s/3m30s  000/300 iters, 1 per VU

running (0m54.0s), 300/300 VUs, 0 complete and 0 interrupted iterations
hot_room_fixed   [   0% ] 300 VUs  0m54.0s/3m30s  000/300 iters, 1 per VU

running (0m55.0s), 300/300 VUs, 0 complete and 0 interrupted iterations
hot_room_fixed   [   0% ] 300 VUs  0m55.0s/3m30s  000/300 iters, 1 per VU

running (0m56.0s), 300/300 VUs, 0 complete and 0 interrupted iterations
hot_room_fixed   [   0% ] 300 VUs  0m56.0s/3m30s  000/300 iters, 1 per VU

running (0m57.0s), 300/300 VUs, 0 complete and 0 interrupted iterations
hot_room_fixed   [   0% ] 300 VUs  0m57.0s/3m30s  000/300 iters, 1 per VU

running (0m58.0s), 300/300 VUs, 0 complete and 0 interrupted iterations
hot_room_fixed   [   0% ] 300 VUs  0m58.0s/3m30s  000/300 iters, 1 per VU

running (0m59.0s), 300/300 VUs, 0 complete and 0 interrupted iterations
hot_room_fixed   [   0% ] 300 VUs  0m59.0s/3m30s  000/300 iters, 1 per VU

running (1m00.0s), 300/300 VUs, 0 complete and 0 interrupted iterations
hot_room_fixed   [   0% ] 300 VUs  1m00.0s/3m30s  000/300 iters, 1 per VU

running (1m01.0s), 300/300 VUs, 0 complete and 0 interrupted iterations
hot_room_fixed   [   0% ] 300 VUs  1m01.0s/3m30s  000/300 iters, 1 per VU

running (1m02.0s), 300/300 VUs, 0 complete and 0 interrupted iterations
hot_room_fixed   [   0% ] 300 VUs  1m02.0s/3m30s  000/300 iters, 1 per VU

running (1m03.0s), 300/300 VUs, 0 complete and 0 interrupted iterations
hot_room_fixed   [   0% ] 300 VUs  1m03.0s/3m30s  000/300 iters, 1 per VU

running (1m04.0s), 300/300 VUs, 0 complete and 0 interrupted iterations
hot_room_fixed   [   0% ] 300 VUs  1m04.0s/3m30s  000/300 iters, 1 per VU

running (1m05.0s), 300/300 VUs, 0 complete and 0 interrupted iterations
hot_room_fixed   [   0% ] 300 VUs  1m05.0s/3m30s  000/300 iters, 1 per VU

running (1m06.0s), 300/300 VUs, 0 complete and 0 interrupted iterations
hot_room_fixed   [   0% ] 300 VUs  1m06.0s/3m30s  000/300 iters, 1 per VU

running (1m07.0s), 300/300 VUs, 0 complete and 0 interrupted iterations
hot_room_fixed   [   0% ] 300 VUs  1m07.0s/3m30s  000/300 iters, 1 per VU

running (1m08.0s), 300/300 VUs, 0 complete and 0 interrupted iterations
hot_room_fixed   [   0% ] 300 VUs  1m08.0s/3m30s  000/300 iters, 1 per VU

running (1m09.0s), 300/300 VUs, 0 complete and 0 interrupted iterations
hot_room_fixed   [   0% ] 300 VUs  1m09.0s/3m30s  000/300 iters, 1 per VU

running (1m10.0s), 300/300 VUs, 0 complete and 0 interrupted iterations
hot_room_fixed   [   0% ] 300 VUs  1m10.0s/3m30s  000/300 iters, 1 per VU

running (1m11.0s), 300/300 VUs, 0 complete and 0 interrupted iterations
hot_room_fixed   [   0% ] 300 VUs  1m11.0s/3m30s  000/300 iters, 1 per VU

running (1m12.0s), 300/300 VUs, 0 complete and 0 interrupted iterations
hot_room_fixed   [   0% ] 300 VUs  1m12.0s/3m30s  000/300 iters, 1 per VU

running (1m13.0s), 300/300 VUs, 0 complete and 0 interrupted iterations
hot_room_fixed   [   0% ] 300 VUs  1m13.0s/3m30s  000/300 iters, 1 per VU

running (1m14.0s), 300/300 VUs, 0 complete and 0 interrupted iterations
hot_room_fixed   [   0% ] 300 VUs  1m14.0s/3m30s  000/300 iters, 1 per VU

running (1m15.0s), 300/300 VUs, 0 complete and 0 interrupted iterations
hot_room_fixed   [   0% ] 300 VUs  1m15.0s/3m30s  000/300 iters, 1 per VU

running (1m16.0s), 300/300 VUs, 0 complete and 0 interrupted iterations
hot_room_fixed   [   0% ] 300 VUs  1m16.0s/3m30s  000/300 iters, 1 per VU

running (1m17.0s), 300/300 VUs, 0 complete and 0 interrupted iterations
hot_room_fixed   [   0% ] 300 VUs  1m17.0s/3m30s  000/300 iters, 1 per VU

running (1m18.0s), 300/300 VUs, 0 complete and 0 interrupted iterations
hot_room_fixed   [   0% ] 300 VUs  1m18.0s/3m30s  000/300 iters, 1 per VU

running (1m19.0s), 300/300 VUs, 0 complete and 0 interrupted iterations
hot_room_fixed   [   0% ] 300 VUs  1m19.0s/3m30s  000/300 iters, 1 per VU

running (1m20.0s), 300/300 VUs, 0 complete and 0 interrupted iterations
hot_room_fixed   [   0% ] 300 VUs  1m20.0s/3m30s  000/300 iters, 1 per VU

running (1m21.0s), 300/300 VUs, 0 complete and 0 interrupted iterations
hot_room_fixed   [   0% ] 300 VUs  1m21.0s/3m30s  000/300 iters, 1 per VU

running (1m22.0s), 300/300 VUs, 0 complete and 0 interrupted iterations
hot_room_fixed   [   0% ] 300 VUs  1m22.0s/3m30s  000/300 iters, 1 per VU

running (1m23.0s), 300/300 VUs, 0 complete and 0 interrupted iterations
hot_room_fixed   [   0% ] 300 VUs  1m23.0s/3m30s  000/300 iters, 1 per VU

running (1m24.0s), 300/300 VUs, 0 complete and 0 interrupted iterations
hot_room_fixed   [   0% ] 300 VUs  1m24.0s/3m30s  000/300 iters, 1 per VU

running (1m25.0s), 300/300 VUs, 0 complete and 0 interrupted iterations
hot_room_fixed   [   0% ] 300 VUs  1m25.0s/3m30s  000/300 iters, 1 per VU

running (1m26.0s), 300/300 VUs, 0 complete and 0 interrupted iterations
hot_room_fixed   [   0% ] 300 VUs  1m26.0s/3m30s  000/300 iters, 1 per VU

running (1m27.0s), 300/300 VUs, 0 complete and 0 interrupted iterations
hot_room_fixed   [   0% ] 300 VUs  1m27.0s/3m30s  000/300 iters, 1 per VU

running (1m28.0s), 300/300 VUs, 0 complete and 0 interrupted iterations
hot_room_fixed   [   0% ] 300 VUs  1m28.0s/3m30s  000/300 iters, 1 per VU

running (1m29.0s), 300/300 VUs, 0 complete and 0 interrupted iterations
hot_room_fixed   [   0% ] 300 VUs  1m29.0s/3m30s  000/300 iters, 1 per VU

running (1m30.0s), 300/300 VUs, 0 complete and 0 interrupted iterations
hot_room_fixed   [   0% ] 300 VUs  1m30.0s/3m30s  000/300 iters, 1 per VU

running (1m31.0s), 300/300 VUs, 0 complete and 0 interrupted iterations
hot_room_fixed   [   0% ] 300 VUs  1m31.0s/3m30s  000/300 iters, 1 per VU

running (1m32.0s), 300/300 VUs, 0 complete and 0 interrupted iterations
hot_room_fixed   [   0% ] 300 VUs  1m32.0s/3m30s  000/300 iters, 1 per VU

running (1m33.0s), 300/300 VUs, 0 complete and 0 interrupted iterations
hot_room_fixed   [   0% ] 300 VUs  1m33.0s/3m30s  000/300 iters, 1 per VU

running (1m34.0s), 300/300 VUs, 0 complete and 0 interrupted iterations
hot_room_fixed   [   0% ] 300 VUs  1m34.0s/3m30s  000/300 iters, 1 per VU

running (1m35.0s), 300/300 VUs, 0 complete and 0 interrupted iterations
hot_room_fixed   [   0% ] 300 VUs  1m35.0s/3m30s  000/300 iters, 1 per VU

running (1m36.0s), 300/300 VUs, 0 complete and 0 interrupted iterations
hot_room_fixed   [   0% ] 300 VUs  1m36.0s/3m30s  000/300 iters, 1 per VU

running (1m37.0s), 300/300 VUs, 0 complete and 0 interrupted iterations
hot_room_fixed   [   0% ] 300 VUs  1m37.0s/3m30s  000/300 iters, 1 per VU

running (1m38.0s), 300/300 VUs, 0 complete and 0 interrupted iterations
hot_room_fixed   [   0% ] 300 VUs  1m38.0s/3m30s  000/300 iters, 1 per VU

running (1m39.0s), 300/300 VUs, 0 complete and 0 interrupted iterations
hot_room_fixed   [   0% ] 300 VUs  1m39.0s/3m30s  000/300 iters, 1 per VU

running (1m40.0s), 300/300 VUs, 0 complete and 0 interrupted iterations
hot_room_fixed   [   0% ] 300 VUs  1m40.0s/3m30s  000/300 iters, 1 per VU

running (1m41.0s), 300/300 VUs, 0 complete and 0 interrupted iterations
hot_room_fixed   [   0% ] 300 VUs  1m41.0s/3m30s  000/300 iters, 1 per VU

running (1m42.0s), 300/300 VUs, 0 complete and 0 interrupted iterations
hot_room_fixed   [   0% ] 300 VUs  1m42.0s/3m30s  000/300 iters, 1 per VU

running (1m43.0s), 300/300 VUs, 0 complete and 0 interrupted iterations
hot_room_fixed   [   0% ] 300 VUs  1m43.0s/3m30s  000/300 iters, 1 per VU

running (1m44.0s), 300/300 VUs, 0 complete and 0 interrupted iterations
hot_room_fixed   [   0% ] 300 VUs  1m44.0s/3m30s  000/300 iters, 1 per VU

running (1m45.0s), 300/300 VUs, 0 complete and 0 interrupted iterations
hot_room_fixed   [   0% ] 300 VUs  1m45.0s/3m30s  000/300 iters, 1 per VU

running (1m46.0s), 300/300 VUs, 0 complete and 0 interrupted iterations
hot_room_fixed   [   0% ] 300 VUs  1m46.0s/3m30s  000/300 iters, 1 per VU

running (1m47.0s), 300/300 VUs, 0 complete and 0 interrupted iterations
hot_room_fixed   [   0% ] 300 VUs  1m47.0s/3m30s  000/300 iters, 1 per VU

running (1m48.0s), 300/300 VUs, 0 complete and 0 interrupted iterations
hot_room_fixed   [   0% ] 300 VUs  1m48.0s/3m30s  000/300 iters, 1 per VU

running (1m49.0s), 300/300 VUs, 0 complete and 0 interrupted iterations
hot_room_fixed   [   0% ] 300 VUs  1m49.0s/3m30s  000/300 iters, 1 per VU

running (1m50.0s), 300/300 VUs, 0 complete and 0 interrupted iterations
hot_room_fixed   [   0% ] 300 VUs  1m50.0s/3m30s  000/300 iters, 1 per VU

running (1m51.0s), 300/300 VUs, 0 complete and 0 interrupted iterations
hot_room_fixed   [   0% ] 300 VUs  1m51.0s/3m30s  000/300 iters, 1 per VU

running (1m52.0s), 300/300 VUs, 0 complete and 0 interrupted iterations
hot_room_fixed   [   0% ] 300 VUs  1m52.0s/3m30s  000/300 iters, 1 per VU

running (1m53.0s), 300/300 VUs, 0 complete and 0 interrupted iterations
hot_room_fixed   [   0% ] 300 VUs  1m53.0s/3m30s  000/300 iters, 1 per VU

running (1m54.0s), 300/300 VUs, 0 complete and 0 interrupted iterations
hot_room_fixed   [   0% ] 300 VUs  1m54.0s/3m30s  000/300 iters, 1 per VU

running (1m55.0s), 300/300 VUs, 0 complete and 0 interrupted iterations
hot_room_fixed   [   0% ] 300 VUs  1m55.0s/3m30s  000/300 iters, 1 per VU

running (1m56.0s), 300/300 VUs, 0 complete and 0 interrupted iterations
hot_room_fixed   [   0% ] 300 VUs  1m56.0s/3m30s  000/300 iters, 1 per VU

running (1m57.0s), 300/300 VUs, 0 complete and 0 interrupted iterations
hot_room_fixed   [   0% ] 300 VUs  1m57.0s/3m30s  000/300 iters, 1 per VU

running (1m58.0s), 300/300 VUs, 0 complete and 0 interrupted iterations
hot_room_fixed   [   0% ] 300 VUs  1m58.0s/3m30s  000/300 iters, 1 per VU

running (1m59.0s), 300/300 VUs, 0 complete and 0 interrupted iterations
hot_room_fixed   [   0% ] 300 VUs  1m59.0s/3m30s  000/300 iters, 1 per VU

running (2m00.0s), 300/300 VUs, 0 complete and 0 interrupted iterations
hot_room_fixed   [   0% ] 300 VUs  2m00.0s/3m30s  000/300 iters, 1 per VU

running (2m01.0s), 223/300 VUs, 77 complete and 0 interrupted iterations
hot_room_fixed   [  26% ] 300 VUs  2m01.0s/3m30s  077/300 iters, 1 per VU


  █ THRESHOLDS 

    http_error_rate
    ✓ 'rate<0.01' rate=0.00%

    ws_connect_duration_ms
    ✓ 'p(95)<5000' p(95)=493.05ms
    ✓ 'p(99)<10000' p(99)=717.68ms

    ws_connect_success_rate
    ✓ 'rate>0.99' rate=100.00%

    ws_message_roundtrip_ms
    ✓ 'p(50)<5000' p(50)=133ms
    ✓ 'p(95)<60000' p(95)=2.4s
    ✓ 'p(99)<120000' p(99)=4.9s


  █ TOTAL RESULTS 

    checks_total.......: 1204    9.896645/s
    checks_succeeded...: 100.00% 1204 out of 1204
    checks_failed......: 0.00%   0 out of 1204

    ✓ login status 200
    ✓ login has token
    ✓ createHotRoom status 2xx
    ✓ createHotRoom has id
    ✓ enterRoom ok
    ✓ ws connected

    CUSTOM
    hot_room_broadcast_received_total...: 10371813 85254.280531/s
    hot_room_own_echo_received_total....: 34580    284.240857/s
    hot_room_unique_received_total......: 10371813 85254.280531/s
    http_error_rate.....................: 0.00%    0 out of 602
    rest_create_room_duration_ms........: avg=9.12ms   min=9.12ms  med=9.12ms   max=9.12ms  p(90)=9.12ms   p(95)=9.12ms  
    rest_enter_room_duration_ms.........: avg=633.56ms min=19.02ms med=695.07ms max=1.39s   p(90)=1.1s     p(95)=1.18s   
    rest_login_duration_ms..............: avg=156.03ms min=6.69ms  med=144.29ms max=847.2ms p(90)=436.44ms p(95)=527.02ms

    HTTP
    http_req_duration...................: avg=393.76ms min=6.69ms  med=241.87ms max=1.39s   p(90)=911.38ms p(95)=1.1s    
      { expected_response:true }........: avg=393.76ms min=6.69ms  med=241.87ms max=1.39s   p(90)=911.38ms p(95)=1.1s    
    http_req_failed.....................: 0.00%    0 out of 602
    http_reqs...........................: 602      4.948323/s

    EXECUTION
    iteration_duration..................: avg=2m1s     min=2m0s    med=2m1s     max=2m1s    p(90)=2m1s     p(95)=2m1s    
    iterations..........................: 300      2.465942/s
    vus.................................: 223      min=223        max=300
    vus_max.............................: 300      min=300        max=300

    NETWORK
    data_received.......................: 2.9 GB   24 MB/s
    data_sent...........................: 3.9 MB   32 kB/s

    WEBSOCKET
    ws_connect_duration_ms..............: avg=132.57ms min=2ms     med=79ms     max=1s      p(90)=387.2ms  p(95)=493.05ms
    ws_connect_success_rate.............: 100.00%  300 out of 300
    ws_connecting.......................: avg=132.54ms min=1.84ms  med=78.5ms   max=1s      p(90)=386.67ms p(95)=492.87ms
    ws_message_roundtrip_ms.............: avg=440.15ms min=5ms     med=133ms    max=10.25s  p(90)=1.04s    p(95)=2.4s    
    ws_messages_received_total..........: 10371813 85254.280531/s
    ws_messages_sent_total..............: 35808    294.334778/s
    ws_msgs_received....................: 10371813 85254.280531/s
    ws_msgs_sent........................: 35808    294.334778/s
    ws_session_duration.................: avg=2m0s     min=2m0s    med=2m0s     max=2m1s    p(90)=2m0s     p(95)=2m0s    
    ws_sessions.........................: 300      2.465942/s




running (2m01.7s), 000/300 VUs, 300 complete and 0 interrupted iterations
hot_room_fixed ✓ [ 100% ] 300 VUs  2m01.6s/3m30s  300/300 iters, 1 per VU
