
         /\      Grafana   /‾‾/  
    /\  /  \     |\  __   /  /   
   /  \/    \    | |/ /  /   ‾‾\ 
  /          \   |   (  |  (‾)  |
 / __________ \  |_|\_\  \_____/ 


     execution: local
        script: k6/scenarios/07-hot-room-fixed.js
        output: -

     scenarios: (100.00%) 1 scenario, 100 max VUs, 4m0s max duration (incl. graceful stop):
              * hot_room_fixed: 1 iterations for each of 100 VUs (maxDuration: 3m30s, gracefulStop: 30s)


running (0m01.0s), 100/100 VUs, 0 complete and 0 interrupted iterations
hot_room_fixed   [   0% ] 100 VUs  0m00.9s/3m30s  000/100 iters, 1 per VU

running (0m02.0s), 100/100 VUs, 0 complete and 0 interrupted iterations
hot_room_fixed   [   0% ] 100 VUs  0m01.9s/3m30s  000/100 iters, 1 per VU

running (0m03.0s), 100/100 VUs, 0 complete and 0 interrupted iterations
hot_room_fixed   [   0% ] 100 VUs  0m02.9s/3m30s  000/100 iters, 1 per VU

running (0m04.0s), 100/100 VUs, 0 complete and 0 interrupted iterations
hot_room_fixed   [   0% ] 100 VUs  0m03.9s/3m30s  000/100 iters, 1 per VU

running (0m05.0s), 100/100 VUs, 0 complete and 0 interrupted iterations
hot_room_fixed   [   0% ] 100 VUs  0m04.9s/3m30s  000/100 iters, 1 per VU

running (0m06.0s), 100/100 VUs, 0 complete and 0 interrupted iterations
hot_room_fixed   [   0% ] 100 VUs  0m05.9s/3m30s  000/100 iters, 1 per VU

running (0m07.0s), 100/100 VUs, 0 complete and 0 interrupted iterations
hot_room_fixed   [   0% ] 100 VUs  0m06.9s/3m30s  000/100 iters, 1 per VU

running (0m08.0s), 100/100 VUs, 0 complete and 0 interrupted iterations
hot_room_fixed   [   0% ] 100 VUs  0m07.9s/3m30s  000/100 iters, 1 per VU

running (0m09.0s), 100/100 VUs, 0 complete and 0 interrupted iterations
hot_room_fixed   [   0% ] 100 VUs  0m08.9s/3m30s  000/100 iters, 1 per VU

running (0m10.0s), 100/100 VUs, 0 complete and 0 interrupted iterations
hot_room_fixed   [   0% ] 100 VUs  0m09.9s/3m30s  000/100 iters, 1 per VU

running (0m11.0s), 100/100 VUs, 0 complete and 0 interrupted iterations
hot_room_fixed   [   0% ] 100 VUs  0m10.9s/3m30s  000/100 iters, 1 per VU

running (0m12.0s), 100/100 VUs, 0 complete and 0 interrupted iterations
hot_room_fixed   [   0% ] 100 VUs  0m11.9s/3m30s  000/100 iters, 1 per VU

running (0m13.0s), 100/100 VUs, 0 complete and 0 interrupted iterations
hot_room_fixed   [   0% ] 100 VUs  0m12.9s/3m30s  000/100 iters, 1 per VU

running (0m14.0s), 100/100 VUs, 0 complete and 0 interrupted iterations
hot_room_fixed   [   0% ] 100 VUs  0m13.9s/3m30s  000/100 iters, 1 per VU

running (0m15.0s), 100/100 VUs, 0 complete and 0 interrupted iterations
hot_room_fixed   [   0% ] 100 VUs  0m14.9s/3m30s  000/100 iters, 1 per VU

running (0m16.0s), 100/100 VUs, 0 complete and 0 interrupted iterations
hot_room_fixed   [   0% ] 100 VUs  0m15.9s/3m30s  000/100 iters, 1 per VU

running (0m17.0s), 100/100 VUs, 0 complete and 0 interrupted iterations
hot_room_fixed   [   0% ] 100 VUs  0m16.9s/3m30s  000/100 iters, 1 per VU

running (0m18.0s), 100/100 VUs, 0 complete and 0 interrupted iterations
hot_room_fixed   [   0% ] 100 VUs  0m17.9s/3m30s  000/100 iters, 1 per VU

running (0m19.0s), 100/100 VUs, 0 complete and 0 interrupted iterations
hot_room_fixed   [   0% ] 100 VUs  0m18.9s/3m30s  000/100 iters, 1 per VU

running (0m20.0s), 100/100 VUs, 0 complete and 0 interrupted iterations
hot_room_fixed   [   0% ] 100 VUs  0m19.9s/3m30s  000/100 iters, 1 per VU

running (0m21.0s), 100/100 VUs, 0 complete and 0 interrupted iterations
hot_room_fixed   [   0% ] 100 VUs  0m20.9s/3m30s  000/100 iters, 1 per VU

running (0m22.0s), 100/100 VUs, 0 complete and 0 interrupted iterations
hot_room_fixed   [   0% ] 100 VUs  0m21.9s/3m30s  000/100 iters, 1 per VU

running (0m23.0s), 100/100 VUs, 0 complete and 0 interrupted iterations
hot_room_fixed   [   0% ] 100 VUs  0m22.9s/3m30s  000/100 iters, 1 per VU

running (0m24.0s), 100/100 VUs, 0 complete and 0 interrupted iterations
hot_room_fixed   [   0% ] 100 VUs  0m23.9s/3m30s  000/100 iters, 1 per VU

running (0m25.0s), 100/100 VUs, 0 complete and 0 interrupted iterations
hot_room_fixed   [   0% ] 100 VUs  0m24.9s/3m30s  000/100 iters, 1 per VU

running (0m26.0s), 100/100 VUs, 0 complete and 0 interrupted iterations
hot_room_fixed   [   0% ] 100 VUs  0m25.9s/3m30s  000/100 iters, 1 per VU

running (0m27.0s), 100/100 VUs, 0 complete and 0 interrupted iterations
hot_room_fixed   [   0% ] 100 VUs  0m26.9s/3m30s  000/100 iters, 1 per VU

running (0m28.0s), 100/100 VUs, 0 complete and 0 interrupted iterations
hot_room_fixed   [   0% ] 100 VUs  0m27.9s/3m30s  000/100 iters, 1 per VU

running (0m29.0s), 100/100 VUs, 0 complete and 0 interrupted iterations
hot_room_fixed   [   0% ] 100 VUs  0m28.9s/3m30s  000/100 iters, 1 per VU

running (0m30.0s), 100/100 VUs, 0 complete and 0 interrupted iterations
hot_room_fixed   [   0% ] 100 VUs  0m29.9s/3m30s  000/100 iters, 1 per VU

running (0m31.0s), 100/100 VUs, 0 complete and 0 interrupted iterations
hot_room_fixed   [   0% ] 100 VUs  0m30.9s/3m30s  000/100 iters, 1 per VU

running (0m32.0s), 100/100 VUs, 0 complete and 0 interrupted iterations
hot_room_fixed   [   0% ] 100 VUs  0m31.9s/3m30s  000/100 iters, 1 per VU

running (0m33.0s), 100/100 VUs, 0 complete and 0 interrupted iterations
hot_room_fixed   [   0% ] 100 VUs  0m32.9s/3m30s  000/100 iters, 1 per VU

running (0m34.0s), 100/100 VUs, 0 complete and 0 interrupted iterations
hot_room_fixed   [   0% ] 100 VUs  0m33.9s/3m30s  000/100 iters, 1 per VU

running (0m35.0s), 100/100 VUs, 0 complete and 0 interrupted iterations
hot_room_fixed   [   0% ] 100 VUs  0m34.9s/3m30s  000/100 iters, 1 per VU

running (0m36.0s), 100/100 VUs, 0 complete and 0 interrupted iterations
hot_room_fixed   [   0% ] 100 VUs  0m35.9s/3m30s  000/100 iters, 1 per VU

running (0m37.0s), 100/100 VUs, 0 complete and 0 interrupted iterations
hot_room_fixed   [   0% ] 100 VUs  0m36.9s/3m30s  000/100 iters, 1 per VU

running (0m38.0s), 100/100 VUs, 0 complete and 0 interrupted iterations
hot_room_fixed   [   0% ] 100 VUs  0m37.9s/3m30s  000/100 iters, 1 per VU

running (0m39.0s), 100/100 VUs, 0 complete and 0 interrupted iterations
hot_room_fixed   [   0% ] 100 VUs  0m38.9s/3m30s  000/100 iters, 1 per VU

running (0m40.0s), 100/100 VUs, 0 complete and 0 interrupted iterations
hot_room_fixed   [   0% ] 100 VUs  0m39.9s/3m30s  000/100 iters, 1 per VU

running (0m41.0s), 100/100 VUs, 0 complete and 0 interrupted iterations
hot_room_fixed   [   0% ] 100 VUs  0m40.9s/3m30s  000/100 iters, 1 per VU

running (0m42.0s), 100/100 VUs, 0 complete and 0 interrupted iterations
hot_room_fixed   [   0% ] 100 VUs  0m41.9s/3m30s  000/100 iters, 1 per VU

running (0m43.0s), 100/100 VUs, 0 complete and 0 interrupted iterations
hot_room_fixed   [   0% ] 100 VUs  0m42.9s/3m30s  000/100 iters, 1 per VU

running (0m44.0s), 100/100 VUs, 0 complete and 0 interrupted iterations
hot_room_fixed   [   0% ] 100 VUs  0m43.9s/3m30s  000/100 iters, 1 per VU

running (0m45.0s), 100/100 VUs, 0 complete and 0 interrupted iterations
hot_room_fixed   [   0% ] 100 VUs  0m44.9s/3m30s  000/100 iters, 1 per VU

running (0m46.0s), 100/100 VUs, 0 complete and 0 interrupted iterations
hot_room_fixed   [   0% ] 100 VUs  0m45.9s/3m30s  000/100 iters, 1 per VU

running (0m47.0s), 100/100 VUs, 0 complete and 0 interrupted iterations
hot_room_fixed   [   0% ] 100 VUs  0m46.9s/3m30s  000/100 iters, 1 per VU

running (0m48.0s), 100/100 VUs, 0 complete and 0 interrupted iterations
hot_room_fixed   [   0% ] 100 VUs  0m47.9s/3m30s  000/100 iters, 1 per VU

running (0m49.0s), 100/100 VUs, 0 complete and 0 interrupted iterations
hot_room_fixed   [   0% ] 100 VUs  0m48.9s/3m30s  000/100 iters, 1 per VU

running (0m50.0s), 100/100 VUs, 0 complete and 0 interrupted iterations
hot_room_fixed   [   0% ] 100 VUs  0m49.9s/3m30s  000/100 iters, 1 per VU

running (0m51.0s), 100/100 VUs, 0 complete and 0 interrupted iterations
hot_room_fixed   [   0% ] 100 VUs  0m50.9s/3m30s  000/100 iters, 1 per VU

running (0m52.0s), 100/100 VUs, 0 complete and 0 interrupted iterations
hot_room_fixed   [   0% ] 100 VUs  0m51.9s/3m30s  000/100 iters, 1 per VU

running (0m53.0s), 100/100 VUs, 0 complete and 0 interrupted iterations
hot_room_fixed   [   0% ] 100 VUs  0m52.9s/3m30s  000/100 iters, 1 per VU

running (0m54.0s), 100/100 VUs, 0 complete and 0 interrupted iterations
hot_room_fixed   [   0% ] 100 VUs  0m53.9s/3m30s  000/100 iters, 1 per VU

running (0m55.0s), 100/100 VUs, 0 complete and 0 interrupted iterations
hot_room_fixed   [   0% ] 100 VUs  0m54.9s/3m30s  000/100 iters, 1 per VU

running (0m56.0s), 100/100 VUs, 0 complete and 0 interrupted iterations
hot_room_fixed   [   0% ] 100 VUs  0m55.9s/3m30s  000/100 iters, 1 per VU

running (0m57.0s), 100/100 VUs, 0 complete and 0 interrupted iterations
hot_room_fixed   [   0% ] 100 VUs  0m56.9s/3m30s  000/100 iters, 1 per VU

running (0m58.0s), 100/100 VUs, 0 complete and 0 interrupted iterations
hot_room_fixed   [   0% ] 100 VUs  0m57.9s/3m30s  000/100 iters, 1 per VU

running (0m59.0s), 100/100 VUs, 0 complete and 0 interrupted iterations
hot_room_fixed   [   0% ] 100 VUs  0m58.9s/3m30s  000/100 iters, 1 per VU

running (1m00.0s), 100/100 VUs, 0 complete and 0 interrupted iterations
hot_room_fixed   [   0% ] 100 VUs  0m59.9s/3m30s  000/100 iters, 1 per VU

running (1m01.0s), 100/100 VUs, 0 complete and 0 interrupted iterations
hot_room_fixed   [   0% ] 100 VUs  1m00.9s/3m30s  000/100 iters, 1 per VU

running (1m02.0s), 100/100 VUs, 0 complete and 0 interrupted iterations
hot_room_fixed   [   0% ] 100 VUs  1m01.9s/3m30s  000/100 iters, 1 per VU

running (1m03.0s), 100/100 VUs, 0 complete and 0 interrupted iterations
hot_room_fixed   [   0% ] 100 VUs  1m02.9s/3m30s  000/100 iters, 1 per VU

running (1m04.0s), 100/100 VUs, 0 complete and 0 interrupted iterations
hot_room_fixed   [   0% ] 100 VUs  1m03.9s/3m30s  000/100 iters, 1 per VU

running (1m05.0s), 100/100 VUs, 0 complete and 0 interrupted iterations
hot_room_fixed   [   0% ] 100 VUs  1m04.9s/3m30s  000/100 iters, 1 per VU

running (1m06.0s), 100/100 VUs, 0 complete and 0 interrupted iterations
hot_room_fixed   [   0% ] 100 VUs  1m05.9s/3m30s  000/100 iters, 1 per VU

running (1m07.0s), 100/100 VUs, 0 complete and 0 interrupted iterations
hot_room_fixed   [   0% ] 100 VUs  1m06.9s/3m30s  000/100 iters, 1 per VU

running (1m08.0s), 100/100 VUs, 0 complete and 0 interrupted iterations
hot_room_fixed   [   0% ] 100 VUs  1m07.9s/3m30s  000/100 iters, 1 per VU

running (1m09.0s), 100/100 VUs, 0 complete and 0 interrupted iterations
hot_room_fixed   [   0% ] 100 VUs  1m08.9s/3m30s  000/100 iters, 1 per VU

running (1m10.0s), 100/100 VUs, 0 complete and 0 interrupted iterations
hot_room_fixed   [   0% ] 100 VUs  1m09.9s/3m30s  000/100 iters, 1 per VU

running (1m11.0s), 100/100 VUs, 0 complete and 0 interrupted iterations
hot_room_fixed   [   0% ] 100 VUs  1m10.9s/3m30s  000/100 iters, 1 per VU

running (1m12.0s), 100/100 VUs, 0 complete and 0 interrupted iterations
hot_room_fixed   [   0% ] 100 VUs  1m11.9s/3m30s  000/100 iters, 1 per VU

running (1m13.0s), 100/100 VUs, 0 complete and 0 interrupted iterations
hot_room_fixed   [   0% ] 100 VUs  1m12.9s/3m30s  000/100 iters, 1 per VU

running (1m14.0s), 100/100 VUs, 0 complete and 0 interrupted iterations
hot_room_fixed   [   0% ] 100 VUs  1m13.9s/3m30s  000/100 iters, 1 per VU

running (1m15.0s), 100/100 VUs, 0 complete and 0 interrupted iterations
hot_room_fixed   [   0% ] 100 VUs  1m14.9s/3m30s  000/100 iters, 1 per VU

running (1m16.0s), 100/100 VUs, 0 complete and 0 interrupted iterations
hot_room_fixed   [   0% ] 100 VUs  1m15.9s/3m30s  000/100 iters, 1 per VU

running (1m17.0s), 100/100 VUs, 0 complete and 0 interrupted iterations
hot_room_fixed   [   0% ] 100 VUs  1m16.9s/3m30s  000/100 iters, 1 per VU

running (1m18.0s), 100/100 VUs, 0 complete and 0 interrupted iterations
hot_room_fixed   [   0% ] 100 VUs  1m17.9s/3m30s  000/100 iters, 1 per VU

running (1m19.0s), 100/100 VUs, 0 complete and 0 interrupted iterations
hot_room_fixed   [   0% ] 100 VUs  1m18.9s/3m30s  000/100 iters, 1 per VU

running (1m20.0s), 100/100 VUs, 0 complete and 0 interrupted iterations
hot_room_fixed   [   0% ] 100 VUs  1m19.9s/3m30s  000/100 iters, 1 per VU

running (1m21.0s), 100/100 VUs, 0 complete and 0 interrupted iterations
hot_room_fixed   [   0% ] 100 VUs  1m20.9s/3m30s  000/100 iters, 1 per VU

running (1m22.0s), 100/100 VUs, 0 complete and 0 interrupted iterations
hot_room_fixed   [   0% ] 100 VUs  1m21.9s/3m30s  000/100 iters, 1 per VU

running (1m23.0s), 100/100 VUs, 0 complete and 0 interrupted iterations
hot_room_fixed   [   0% ] 100 VUs  1m22.9s/3m30s  000/100 iters, 1 per VU

running (1m24.0s), 100/100 VUs, 0 complete and 0 interrupted iterations
hot_room_fixed   [   0% ] 100 VUs  1m23.9s/3m30s  000/100 iters, 1 per VU

running (1m25.0s), 100/100 VUs, 0 complete and 0 interrupted iterations
hot_room_fixed   [   0% ] 100 VUs  1m24.9s/3m30s  000/100 iters, 1 per VU

running (1m26.0s), 100/100 VUs, 0 complete and 0 interrupted iterations
hot_room_fixed   [   0% ] 100 VUs  1m25.9s/3m30s  000/100 iters, 1 per VU

running (1m27.0s), 100/100 VUs, 0 complete and 0 interrupted iterations
hot_room_fixed   [   0% ] 100 VUs  1m26.9s/3m30s  000/100 iters, 1 per VU

running (1m28.0s), 100/100 VUs, 0 complete and 0 interrupted iterations
hot_room_fixed   [   0% ] 100 VUs  1m27.9s/3m30s  000/100 iters, 1 per VU

running (1m29.0s), 100/100 VUs, 0 complete and 0 interrupted iterations
hot_room_fixed   [   0% ] 100 VUs  1m28.9s/3m30s  000/100 iters, 1 per VU

running (1m30.0s), 100/100 VUs, 0 complete and 0 interrupted iterations
hot_room_fixed   [   0% ] 100 VUs  1m29.9s/3m30s  000/100 iters, 1 per VU

running (1m31.0s), 100/100 VUs, 0 complete and 0 interrupted iterations
hot_room_fixed   [   0% ] 100 VUs  1m30.9s/3m30s  000/100 iters, 1 per VU

running (1m32.0s), 100/100 VUs, 0 complete and 0 interrupted iterations
hot_room_fixed   [   0% ] 100 VUs  1m31.9s/3m30s  000/100 iters, 1 per VU

running (1m33.0s), 100/100 VUs, 0 complete and 0 interrupted iterations
hot_room_fixed   [   0% ] 100 VUs  1m32.9s/3m30s  000/100 iters, 1 per VU

running (1m34.0s), 100/100 VUs, 0 complete and 0 interrupted iterations
hot_room_fixed   [   0% ] 100 VUs  1m33.9s/3m30s  000/100 iters, 1 per VU

running (1m35.0s), 100/100 VUs, 0 complete and 0 interrupted iterations
hot_room_fixed   [   0% ] 100 VUs  1m34.9s/3m30s  000/100 iters, 1 per VU

running (1m36.0s), 100/100 VUs, 0 complete and 0 interrupted iterations
hot_room_fixed   [   0% ] 100 VUs  1m35.9s/3m30s  000/100 iters, 1 per VU

running (1m37.0s), 100/100 VUs, 0 complete and 0 interrupted iterations
hot_room_fixed   [   0% ] 100 VUs  1m36.9s/3m30s  000/100 iters, 1 per VU

running (1m38.0s), 100/100 VUs, 0 complete and 0 interrupted iterations
hot_room_fixed   [   0% ] 100 VUs  1m37.9s/3m30s  000/100 iters, 1 per VU

running (1m39.0s), 100/100 VUs, 0 complete and 0 interrupted iterations
hot_room_fixed   [   0% ] 100 VUs  1m38.9s/3m30s  000/100 iters, 1 per VU

running (1m40.0s), 100/100 VUs, 0 complete and 0 interrupted iterations
hot_room_fixed   [   0% ] 100 VUs  1m39.9s/3m30s  000/100 iters, 1 per VU

running (1m41.0s), 100/100 VUs, 0 complete and 0 interrupted iterations
hot_room_fixed   [   0% ] 100 VUs  1m40.9s/3m30s  000/100 iters, 1 per VU

running (1m42.0s), 100/100 VUs, 0 complete and 0 interrupted iterations
hot_room_fixed   [   0% ] 100 VUs  1m41.9s/3m30s  000/100 iters, 1 per VU

running (1m43.0s), 100/100 VUs, 0 complete and 0 interrupted iterations
hot_room_fixed   [   0% ] 100 VUs  1m42.9s/3m30s  000/100 iters, 1 per VU

running (1m44.0s), 100/100 VUs, 0 complete and 0 interrupted iterations
hot_room_fixed   [   0% ] 100 VUs  1m43.9s/3m30s  000/100 iters, 1 per VU

running (1m45.0s), 100/100 VUs, 0 complete and 0 interrupted iterations
hot_room_fixed   [   0% ] 100 VUs  1m44.9s/3m30s  000/100 iters, 1 per VU

running (1m46.0s), 100/100 VUs, 0 complete and 0 interrupted iterations
hot_room_fixed   [   0% ] 100 VUs  1m45.9s/3m30s  000/100 iters, 1 per VU

running (1m47.0s), 100/100 VUs, 0 complete and 0 interrupted iterations
hot_room_fixed   [   0% ] 100 VUs  1m46.9s/3m30s  000/100 iters, 1 per VU

running (1m48.0s), 100/100 VUs, 0 complete and 0 interrupted iterations
hot_room_fixed   [   0% ] 100 VUs  1m47.9s/3m30s  000/100 iters, 1 per VU

running (1m49.0s), 100/100 VUs, 0 complete and 0 interrupted iterations
hot_room_fixed   [   0% ] 100 VUs  1m48.9s/3m30s  000/100 iters, 1 per VU

running (1m50.0s), 100/100 VUs, 0 complete and 0 interrupted iterations
hot_room_fixed   [   0% ] 100 VUs  1m49.9s/3m30s  000/100 iters, 1 per VU

running (1m51.0s), 100/100 VUs, 0 complete and 0 interrupted iterations
hot_room_fixed   [   0% ] 100 VUs  1m50.9s/3m30s  000/100 iters, 1 per VU

running (1m52.0s), 100/100 VUs, 0 complete and 0 interrupted iterations
hot_room_fixed   [   0% ] 100 VUs  1m51.9s/3m30s  000/100 iters, 1 per VU

running (1m53.0s), 100/100 VUs, 0 complete and 0 interrupted iterations
hot_room_fixed   [   0% ] 100 VUs  1m52.9s/3m30s  000/100 iters, 1 per VU

running (1m54.0s), 100/100 VUs, 0 complete and 0 interrupted iterations
hot_room_fixed   [   0% ] 100 VUs  1m53.9s/3m30s  000/100 iters, 1 per VU

running (1m55.0s), 100/100 VUs, 0 complete and 0 interrupted iterations
hot_room_fixed   [   0% ] 100 VUs  1m54.9s/3m30s  000/100 iters, 1 per VU

running (1m56.0s), 100/100 VUs, 0 complete and 0 interrupted iterations
hot_room_fixed   [   0% ] 100 VUs  1m55.9s/3m30s  000/100 iters, 1 per VU

running (1m57.0s), 100/100 VUs, 0 complete and 0 interrupted iterations
hot_room_fixed   [   0% ] 100 VUs  1m56.9s/3m30s  000/100 iters, 1 per VU

running (1m58.0s), 100/100 VUs, 0 complete and 0 interrupted iterations
hot_room_fixed   [   0% ] 100 VUs  1m57.9s/3m30s  000/100 iters, 1 per VU

running (1m59.0s), 100/100 VUs, 0 complete and 0 interrupted iterations
hot_room_fixed   [   0% ] 100 VUs  1m58.9s/3m30s  000/100 iters, 1 per VU

running (2m00.0s), 100/100 VUs, 0 complete and 0 interrupted iterations
hot_room_fixed   [   0% ] 100 VUs  1m59.9s/3m30s  000/100 iters, 1 per VU

running (2m01.0s), 100/100 VUs, 0 complete and 0 interrupted iterations
hot_room_fixed   [   0% ] 100 VUs  2m00.9s/3m30s  000/100 iters, 1 per VU

running (2m02.0s), 100/100 VUs, 0 complete and 0 interrupted iterations
hot_room_fixed   [   0% ] 100 VUs  2m01.9s/3m30s  000/100 iters, 1 per VU


  █ THRESHOLDS 

    http_error_rate
    ✓ 'rate<0.01' rate=0.00%

    ws_connect_duration_ms
    ✓ 'p(95)<1000' p(95)=703.05ms
    ✓ 'p(99)<2000' p(99)=716.01ms

    ws_connect_success_rate
    ✓ 'rate>0.99' rate=100.00%

    ws_message_roundtrip_ms
    ✓ 'p(50)<200' p(50)=20ms
    ✓ 'p(95)<500' p(95)=299ms
    ✗ 'p(99)<1000' p(99)=1.29s


  █ TOTAL RESULTS 

    checks_total.......: 404     3.293982/s
    checks_succeeded...: 100.00% 404 out of 404
    checks_failed......: 0.00%   0 out of 404

    ✓ login status 200
    ✓ login has token
    ✓ createHotRoom status 2xx
    ✓ createHotRoom has id
    ✓ enterRoom ok
    ✓ ws connected

    CUSTOM
    hot_room_broadcast_received_total...: 1191234 9712.631003/s
    hot_room_own_echo_received_total....: 11900   97.025697/s
    hot_room_unique_received_total......: 1191234 9712.631003/s
    http_error_rate.....................: 0.00%   0 out of 202
    rest_create_room_duration_ms........: avg=59.57ms  min=59.57ms  med=59.57ms  max=59.57ms  p(90)=59.57ms  p(95)=59.57ms 
    rest_enter_room_duration_ms.........: avg=1.44s    min=906.42ms med=1.39s    max=1.98s    p(90)=1.8s     p(95)=1.88s   
    rest_login_duration_ms..............: avg=186.35ms min=14.42ms  med=217.92ms max=520.31ms p(90)=353.52ms p(95)=422.06ms

    HTTP
    http_req_duration...................: avg=810.2ms  min=14.42ms  med=473.67ms max=1.98s    p(90)=1.72s    p(95)=1.8s    
      { expected_response:true }........: avg=810.2ms  min=14.42ms  med=473.67ms max=1.98s    p(90)=1.72s    p(95)=1.8s    
    http_req_failed.....................: 0.00%   0 out of 202
    http_reqs...........................: 202     1.646991/s

    EXECUTION
    iteration_duration..................: avg=2m2s     min=2m1s     med=2m2s     max=2m2s     p(90)=2m2s     p(95)=2m2s    
    iterations..........................: 100     0.815342/s
    vus.................................: 100     min=100        max=100
    vus_max.............................: 100     min=100        max=100

    NETWORK
    data_received.......................: 336 MB  2.7 MB/s
    data_sent...........................: 1.3 MB  11 kB/s

    WEBSOCKET
    ws_connect_duration_ms..............: avg=299.43ms min=9ms      med=295ms    max=717ms    p(90)=618.29ms p(95)=703.05ms
    ws_connect_success_rate.............: 100.00% 100 out of 100
    ws_connecting.......................: avg=299.42ms min=8.83ms   med=295.06ms max=717.36ms p(90)=618.31ms p(95)=702.58ms
    ws_message_roundtrip_ms.............: avg=68.21ms  min=4ms      med=20ms     max=2.29s    p(90)=69ms     p(95)=299ms   
    ws_messages_received_total..........: 1191234 9712.631003/s
    ws_messages_sent_total..............: 11934   97.302913/s
    ws_msgs_received....................: 1191234 9712.631003/s
    ws_msgs_sent........................: 11934   97.302913/s
    ws_session_duration.................: avg=2m0s     min=2m0s     med=2m0s     max=2m0s     p(90)=2m0s     p(95)=2m0s    
    ws_sessions.........................: 100     0.815342/s




running (2m02.6s), 000/100 VUs, 100 complete and 0 interrupted iterations
hot_room_fixed ✓ [ 100% ] 100 VUs  2m02.5s/3m30s  100/100 iters, 1 per VU
