
         /\      Grafana   /‾‾/  
    /\  /  \     |\  __   /  /   
   /  \/    \    | |/ /  /   ‾‾\ 
  /          \   |   (  |  (‾)  |
 / __________ \  |_|\_\  \_____/ 


     execution: local
        script: k6/scenarios/07-hot-room-fixed.js
        output: InfluxDBv1 (http://127.0.0.1:8086)

     scenarios: (100.00%) 1 scenario, 200 max VUs, 4m0s max duration (incl. graceful stop):
              * hot_room_fixed: 1 iterations for each of 200 VUs (maxDuration: 3m30s, gracefulStop: 30s)


running (0m01.0s), 200/200 VUs, 0 complete and 0 interrupted iterations
hot_room_fixed   [   0% ] 200 VUs  0m01.0s/3m30s  000/200 iters, 1 per VU

running (0m02.0s), 200/200 VUs, 0 complete and 0 interrupted iterations
hot_room_fixed   [   0% ] 200 VUs  0m02.0s/3m30s  000/200 iters, 1 per VU

running (0m03.0s), 200/200 VUs, 0 complete and 0 interrupted iterations
hot_room_fixed   [   0% ] 200 VUs  0m03.0s/3m30s  000/200 iters, 1 per VU

running (0m04.0s), 200/200 VUs, 0 complete and 0 interrupted iterations
hot_room_fixed   [   0% ] 200 VUs  0m04.0s/3m30s  000/200 iters, 1 per VU

running (0m05.0s), 200/200 VUs, 0 complete and 0 interrupted iterations
hot_room_fixed   [   0% ] 200 VUs  0m05.0s/3m30s  000/200 iters, 1 per VU

running (0m06.0s), 200/200 VUs, 0 complete and 0 interrupted iterations
hot_room_fixed   [   0% ] 200 VUs  0m06.0s/3m30s  000/200 iters, 1 per VU

running (0m07.0s), 200/200 VUs, 0 complete and 0 interrupted iterations
hot_room_fixed   [   0% ] 200 VUs  0m07.0s/3m30s  000/200 iters, 1 per VU

running (0m08.0s), 200/200 VUs, 0 complete and 0 interrupted iterations
hot_room_fixed   [   0% ] 200 VUs  0m08.0s/3m30s  000/200 iters, 1 per VU

running (0m09.0s), 200/200 VUs, 0 complete and 0 interrupted iterations
hot_room_fixed   [   0% ] 200 VUs  0m09.0s/3m30s  000/200 iters, 1 per VU

running (0m10.0s), 200/200 VUs, 0 complete and 0 interrupted iterations
hot_room_fixed   [   0% ] 200 VUs  0m10.0s/3m30s  000/200 iters, 1 per VU

running (0m11.0s), 200/200 VUs, 0 complete and 0 interrupted iterations
hot_room_fixed   [   0% ] 200 VUs  0m11.0s/3m30s  000/200 iters, 1 per VU

running (0m12.0s), 200/200 VUs, 0 complete and 0 interrupted iterations
hot_room_fixed   [   0% ] 200 VUs  0m12.0s/3m30s  000/200 iters, 1 per VU

running (0m13.0s), 200/200 VUs, 0 complete and 0 interrupted iterations
hot_room_fixed   [   0% ] 200 VUs  0m13.0s/3m30s  000/200 iters, 1 per VU

running (0m14.0s), 200/200 VUs, 0 complete and 0 interrupted iterations
hot_room_fixed   [   0% ] 200 VUs  0m14.0s/3m30s  000/200 iters, 1 per VU

running (0m15.0s), 200/200 VUs, 0 complete and 0 interrupted iterations
hot_room_fixed   [   0% ] 200 VUs  0m15.0s/3m30s  000/200 iters, 1 per VU

running (0m16.0s), 200/200 VUs, 0 complete and 0 interrupted iterations
hot_room_fixed   [   0% ] 200 VUs  0m16.0s/3m30s  000/200 iters, 1 per VU

running (0m17.0s), 200/200 VUs, 0 complete and 0 interrupted iterations
hot_room_fixed   [   0% ] 200 VUs  0m17.0s/3m30s  000/200 iters, 1 per VU

running (0m18.0s), 200/200 VUs, 0 complete and 0 interrupted iterations
hot_room_fixed   [   0% ] 200 VUs  0m18.0s/3m30s  000/200 iters, 1 per VU

running (0m19.0s), 200/200 VUs, 0 complete and 0 interrupted iterations
hot_room_fixed   [   0% ] 200 VUs  0m19.0s/3m30s  000/200 iters, 1 per VU

running (0m20.0s), 200/200 VUs, 0 complete and 0 interrupted iterations
hot_room_fixed   [   0% ] 200 VUs  0m20.0s/3m30s  000/200 iters, 1 per VU

running (0m21.0s), 200/200 VUs, 0 complete and 0 interrupted iterations
hot_room_fixed   [   0% ] 200 VUs  0m21.0s/3m30s  000/200 iters, 1 per VU

running (0m22.0s), 200/200 VUs, 0 complete and 0 interrupted iterations
hot_room_fixed   [   0% ] 200 VUs  0m22.0s/3m30s  000/200 iters, 1 per VU

running (0m23.0s), 200/200 VUs, 0 complete and 0 interrupted iterations
hot_room_fixed   [   0% ] 200 VUs  0m23.0s/3m30s  000/200 iters, 1 per VU

running (0m24.0s), 200/200 VUs, 0 complete and 0 interrupted iterations
hot_room_fixed   [   0% ] 200 VUs  0m24.0s/3m30s  000/200 iters, 1 per VU

running (0m25.0s), 200/200 VUs, 0 complete and 0 interrupted iterations
hot_room_fixed   [   0% ] 200 VUs  0m25.0s/3m30s  000/200 iters, 1 per VU

running (0m26.0s), 200/200 VUs, 0 complete and 0 interrupted iterations
hot_room_fixed   [   0% ] 200 VUs  0m26.0s/3m30s  000/200 iters, 1 per VU

running (0m27.0s), 200/200 VUs, 0 complete and 0 interrupted iterations
hot_room_fixed   [   0% ] 200 VUs  0m27.0s/3m30s  000/200 iters, 1 per VU

running (0m28.0s), 200/200 VUs, 0 complete and 0 interrupted iterations
hot_room_fixed   [   0% ] 200 VUs  0m28.0s/3m30s  000/200 iters, 1 per VU

running (0m29.0s), 200/200 VUs, 0 complete and 0 interrupted iterations
hot_room_fixed   [   0% ] 200 VUs  0m29.0s/3m30s  000/200 iters, 1 per VU

running (0m30.0s), 200/200 VUs, 0 complete and 0 interrupted iterations
hot_room_fixed   [   0% ] 200 VUs  0m30.0s/3m30s  000/200 iters, 1 per VU

running (0m31.0s), 200/200 VUs, 0 complete and 0 interrupted iterations
hot_room_fixed   [   0% ] 200 VUs  0m31.0s/3m30s  000/200 iters, 1 per VU

running (0m32.0s), 200/200 VUs, 0 complete and 0 interrupted iterations
hot_room_fixed   [   0% ] 200 VUs  0m32.0s/3m30s  000/200 iters, 1 per VU

running (0m33.0s), 200/200 VUs, 0 complete and 0 interrupted iterations
hot_room_fixed   [   0% ] 200 VUs  0m33.0s/3m30s  000/200 iters, 1 per VU

running (0m34.0s), 200/200 VUs, 0 complete and 0 interrupted iterations
hot_room_fixed   [   0% ] 200 VUs  0m34.0s/3m30s  000/200 iters, 1 per VU

running (0m35.0s), 200/200 VUs, 0 complete and 0 interrupted iterations
hot_room_fixed   [   0% ] 200 VUs  0m35.0s/3m30s  000/200 iters, 1 per VU

running (0m36.0s), 200/200 VUs, 0 complete and 0 interrupted iterations
hot_room_fixed   [   0% ] 200 VUs  0m36.0s/3m30s  000/200 iters, 1 per VU

running (0m37.0s), 200/200 VUs, 0 complete and 0 interrupted iterations
hot_room_fixed   [   0% ] 200 VUs  0m37.0s/3m30s  000/200 iters, 1 per VU

running (0m38.0s), 200/200 VUs, 0 complete and 0 interrupted iterations
hot_room_fixed   [   0% ] 200 VUs  0m38.0s/3m30s  000/200 iters, 1 per VU

running (0m39.0s), 200/200 VUs, 0 complete and 0 interrupted iterations
hot_room_fixed   [   0% ] 200 VUs  0m39.0s/3m30s  000/200 iters, 1 per VU

running (0m40.0s), 200/200 VUs, 0 complete and 0 interrupted iterations
hot_room_fixed   [   0% ] 200 VUs  0m40.0s/3m30s  000/200 iters, 1 per VU

running (0m41.0s), 200/200 VUs, 0 complete and 0 interrupted iterations
hot_room_fixed   [   0% ] 200 VUs  0m41.0s/3m30s  000/200 iters, 1 per VU

running (0m42.0s), 200/200 VUs, 0 complete and 0 interrupted iterations
hot_room_fixed   [   0% ] 200 VUs  0m42.0s/3m30s  000/200 iters, 1 per VU

running (0m43.0s), 200/200 VUs, 0 complete and 0 interrupted iterations
hot_room_fixed   [   0% ] 200 VUs  0m43.0s/3m30s  000/200 iters, 1 per VU

running (0m44.0s), 200/200 VUs, 0 complete and 0 interrupted iterations
hot_room_fixed   [   0% ] 200 VUs  0m44.0s/3m30s  000/200 iters, 1 per VU

running (0m45.0s), 200/200 VUs, 0 complete and 0 interrupted iterations
hot_room_fixed   [   0% ] 200 VUs  0m45.0s/3m30s  000/200 iters, 1 per VU

running (0m46.0s), 200/200 VUs, 0 complete and 0 interrupted iterations
hot_room_fixed   [   0% ] 200 VUs  0m46.0s/3m30s  000/200 iters, 1 per VU

running (0m47.0s), 200/200 VUs, 0 complete and 0 interrupted iterations
hot_room_fixed   [   0% ] 200 VUs  0m47.0s/3m30s  000/200 iters, 1 per VU

running (0m48.0s), 200/200 VUs, 0 complete and 0 interrupted iterations
hot_room_fixed   [   0% ] 200 VUs  0m48.0s/3m30s  000/200 iters, 1 per VU

running (0m49.0s), 200/200 VUs, 0 complete and 0 interrupted iterations
hot_room_fixed   [   0% ] 200 VUs  0m49.0s/3m30s  000/200 iters, 1 per VU

running (0m50.0s), 200/200 VUs, 0 complete and 0 interrupted iterations
hot_room_fixed   [   0% ] 200 VUs  0m50.0s/3m30s  000/200 iters, 1 per VU

running (0m51.0s), 200/200 VUs, 0 complete and 0 interrupted iterations
hot_room_fixed   [   0% ] 200 VUs  0m51.0s/3m30s  000/200 iters, 1 per VU

running (0m52.0s), 200/200 VUs, 0 complete and 0 interrupted iterations
hot_room_fixed   [   0% ] 200 VUs  0m52.0s/3m30s  000/200 iters, 1 per VU

running (0m53.0s), 200/200 VUs, 0 complete and 0 interrupted iterations
hot_room_fixed   [   0% ] 200 VUs  0m53.0s/3m30s  000/200 iters, 1 per VU

running (0m54.0s), 200/200 VUs, 0 complete and 0 interrupted iterations
hot_room_fixed   [   0% ] 200 VUs  0m54.0s/3m30s  000/200 iters, 1 per VU


  █ THRESHOLDS 

    http_error_rate
    ✓ 'rate<0.01' rate=0.00%

    ws_connect_duration_ms
    ✓ 'p(95)<1000' p(95)=894.2ms
    ✓ 'p(99)<2000' p(99)=1.1s

    ws_connect_success_rate
    ✓ 'rate>0.99' rate=100.00%

    ws_message_roundtrip_ms
    ✓ 'p(50)<200' p(50)=37ms
    ✓ 'p(95)<500' p(95)=204ms
    ✓ 'p(99)<1000' p(99)=374.49ms


  █ TOTAL RESULTS 

    checks_total.......: 604     11.01416/s
    checks_succeeded...: 100.00% 604 out of 604
    checks_failed......: 0.00%   0 out of 604

    ✓ login status 200
    ✓ login has token
    ✓ createHotRoom status 2xx
    ✓ createHotRoom has id
    ✓ enterRoom ok

    CUSTOM
    hot_room_broadcast_received_total...: 2088974 38093.201639/s
    hot_room_own_echo_received_total....: 10451   190.577791/s
    hot_room_unique_received_total......: 2088974 38093.201639/s
    http_error_rate.....................: 0.00%   0 out of 402
    rest_create_room_duration_ms........: avg=12.57ms  min=12.57ms  med=12.57ms  max=12.57ms  p(90)=12.57ms  p(95)=12.57ms 
    rest_enter_room_duration_ms.........: avg=950.52ms min=221.46ms med=807.07ms max=2.28s    p(90)=1.79s    p(95)=1.98s   
    rest_login_duration_ms..............: avg=345.59ms min=8.47ms   med=418.54ms max=926.41ms p(90)=620.46ms p(95)=646.49ms

    HTTP
    http_req_duration...................: avg=645.72ms min=8.47ms   med=513.9ms  max=2.28s    p(90)=1.47s    p(95)=1.79s   
      { expected_response:true }........: avg=645.72ms min=8.47ms   med=513.9ms  max=2.28s    p(90)=1.47s    p(95)=1.79s   
    http_req_failed.....................: 0.00%   0 out of 402
    http_reqs...........................: 402     7.330616/s

    EXECUTION
    vus.................................: 200     min=200        max=200
    vus_max.............................: 200     min=200        max=200

    NETWORK
    data_received.......................: 594 MB  11 MB/s
    data_sent...........................: 1.3 MB  23 kB/s

    WEBSOCKET
    ws_connect_duration_ms..............: avg=319.25ms min=3ms      med=197.5ms  max=1.11s    p(90)=789.4ms  p(95)=894.2ms 
    ws_connect_success_rate.............: 100.00% 200 out of 200
    ws_connecting.......................: avg=319.2ms  min=3.66ms   med=197.8ms  max=1.11s    p(90)=788.94ms p(95)=894.24ms
    ws_message_roundtrip_ms.............: avg=60.79ms  min=4ms      med=37ms     max=601ms    p(90)=134ms    p(95)=204ms   
    ws_messages_received_total..........: 2088974 38093.201639/s
    ws_messages_sent_total..............: 10451   190.577791/s
    ws_msgs_received....................: 2088974 38093.201639/s
    ws_msgs_sent........................: 10451   190.577791/s
    ws_sessions.........................: 200     3.647073/s




running (0m54.9s), 000/200 VUs, 0 complete and 200 interrupted iterations
hot_room_fixed ✗ [  30% ] 200 VUs  0m54.6s/3m30s  060/200 iters, 1 per VU
